<html>
<body>
<pre>
<h1>µVision Build Log</h1>
<h2>Tool Versions:</h2>
IDE-Version: µVision V5.21.1.0
Copyright (C) 2016 ARM Ltd and ARM Germany GmbH. All rights reserved.
License Information: Chris Guarini, Rochester Institute of Technology, LIC=----
 
Tool Versions:
Toolchain:       MDK-Lite  Version: 5.21a
Toolchain Path:  C:\Keil_v5\ARM\ARMCC\Bin
C Compiler:      Armcc.exe V5.06 update 3 (build 300)
Assembler:       Armasm.exe V5.06 update 3 (build 300)
Linker/Locator:  ArmLink.exe V5.06 update 3 (build 300)
Library Manager: ArmAr.exe V5.06 update 3 (build 300)
Hex Converter:   FromElf.exe V5.06 update 3 (build 300)
CPU DLL:         SARMCM3.DLL V5.21a
Dialog DLL:      DCM.DLL V1.13.8.0
Target DLL:      CMSIS_AGDI.dll V1.26.5.0
Dialog DLL:      TCM.DLL V1.14.14.0
 
<h2>Project:</h2>
C:\Users\Chris\Desktop\IDE\IDECar\lab6.uvprojx
Project File Date:  04/19/2019

<h2>Output:</h2>
*** Using Compiler 'V5.06 update 3 (build 300)', folder: 'C:\Keil_v5\ARM\ARMCC\Bin'
Build target 'Target 1'
compiling pwm.c...
MK64F12.h(13705): warning:  #1-D: last line of file ends without a newline
   
pwm.h(5): warning:  #1295-D: Deprecated declaration InitPWM - give arg types
  void InitPWM();
pwm.h(6): warning:  #1295-D: Deprecated declaration PWM_ISR - give arg types
  void PWM_ISR();
pwm.h(8): warning:  #1295-D: Deprecated declaration InitServoPWM - give arg types
  void InitServoPWM();
Constants.h(1): warning:  #1-D: last line of file ends without a newline
  #define MAX_PWM (45)
pwm.c: 5 warnings, 0 errors
compiling steering.c...
MK64F12.h(13705): warning:  #1-D: last line of file ends without a newline
   
pwm.h(5): warning:  #1295-D: Deprecated declaration InitPWM - give arg types
  void InitPWM();
pwm.h(6): warning:  #1295-D: Deprecated declaration PWM_ISR - give arg types
  void PWM_ISR();
pwm.h(8): warning:  #1295-D: Deprecated declaration InitServoPWM - give arg types
  void InitServoPWM();
Constants.h(1): warning:  #1-D: last line of file ends without a newline
  #define MAX_PWM (45)
steering.c(45): warning:  #1035-D: single-precision operand implicitly converted to double-precision
  	float steeringP = 
TRAIGHT + .2 * (1 - steeringFactor);
steering.c(83): warning:  #1035-D: single-precision operand implicitly converted to double-precision
  	if(steeringFactor < .4){
steering.c(90): warning:  #1035-D: single-precision operand implicitly converted to double-precision
  	if(steeringFactor < 1.35 && steeringFactor > .75){
steering.c(90): warning:  #1035-D: single-precision operand implicitly converted to double-precision
  	if(steeringFactor < 1.35 && steeringFactor > .75){
steering.c(106): warning:  #1035-D: single-precision operand implicitly converted to double-precision
  	if(steeringFactor > 1.7){
steering.c: 10 warnings, 0 errors
linking...
Program Size: Code=9116 RO-data=1232 RW-data=44 ZI-data=1732  
".\Objects\lab6.axf" - 0 Error(s), 15 Warning(s).

<h2>Software Packages used:</h2>

Package Vendor: ARM
                http://www.keil.com/pack/ARM.CMSIS.4.5.0.pack
                ARM::CMSIS:CORE:4.3.0
                CMSIS (Cortex Microcontroller Software Interface Standard)
   * Component: CORE Version: 4.3.0

Package Vendor: Keil
                http://www.keil.com/pack/Keil.Kinetis_K60_DFP.1.4.0.pack
                Keil::Device:Startup:1.0.0
                Freescale Kinetis K60 Series Device Support and Examples
   * Component: Startup Version: 1.0.0

<h2>Collection of Component include folders:</h2>
  C:\Users\Chris\Desktop\IDE\IDECar\RTE
  C:\Keil_v5\ARM\PACK\ARM\CMSIS\4.5.0\CMSIS\Include
  C:\Keil_v5\ARM\PACK\Keil\Kinetis_K60_DFP\1.4.0\Device\Include

<h2>Collection of Component Files used:</h2>

   * Component: ARM::CMSIS:CORE:4.3.0

   * Component: Keil::Device:Startup:1.0.0
      Source file:   Device\Source\ARM\startup_MK64F12.s
      Source file:   Device\Source\system_MK64F12.c
Build Time Elapsed:  00:00:02
</pre>
</body>
</html>
