<html>
<body>
<pre>
<h1>µVision Build Log</h1>
<h2>Tool Versions:</h2>
IDE-Version: µVision V5.21.1.0
Copyright (C) 2016 ARM Ltd and ARM Germany GmbH. All rights reserved.
License Information: Chris Guarini, Rochester Institute of Technology, LIC=----
 
Tool Versions:
Toolchain:       MDK-Lite  Version: 5.21a
Toolchain Path:  C:\Keil_v5\ARM\ARMCC\Bin
C Compiler:      Armcc.exe V5.06 update 3 (build 300)
Assembler:       Armasm.exe V5.06 update 3 (build 300)
Linker/Locator:  ArmLink.exe V5.06 update 3 (build 300)
Library Manager: ArmAr.exe V5.06 update 3 (build 300)
Hex Converter:   FromElf.exe V5.06 update 3 (build 300)
CPU DLL:         SARMCM3.DLL V5.21a
Dialog DLL:      DCM.DLL V1.13.8.0
Target DLL:      CMSIS_AGDI.dll V1.26.5.0
Dialog DLL:      TCM.DLL V1.14.14.0
 
<h2>Project:</h2>
C:\Users\Chris\Desktop\IDE\IDECar\lab6.uvprojx
Project File Date:  04/27/2019

<h2>Output:</h2>
*** Using Compiler 'V5.06 update 3 (build 300)', folder: 'C:\Keil_v5\ARM\ARMCC\Bin'
Build target 'Target 1'
compiling main.c...
MK64F12.h(13705): warning:  #1-D: last line of file ends without a newline
   
PWM.h(5): warning:  #1295-D: Deprecated declaration InitPWM - give arg types
  void InitPWM();
PWM.h(6): warning:  #1295-D: Deprecated declaration PWM_ISR - give arg types
  void PWM_ISR();
PWM.h(8): warning:  #1295-D: Deprecated declaration InitServoPWM - give arg types
  void InitServoPWM();
steering.h(2): warning:  #1295-D: Deprecated declaration delay - give arg types
  void delay();
Constants.h(9): warning:  #1-D: last line of file ends without a newline
  int TURN_PWM = 45;
main.c(17): warning:  #1295-D: Deprecated declaration initialize - give arg types
  void initialize();
main.c(18): warning:  #1295-D: Deprecated declaration en_interrupts - give arg types
  void en_interrupts();
main.c(91): warning:  #111-D: statement is unreachable
  	return 0;
main.c(72): warning:  #177-D: variable "dc" was declared but never referenced
  		uint16_t dc = 0;
main.c(75): warning:  #177-D: variable "c" was declared but never referenced
  		char c = 48;
main.c(146): warning:  #111-D: statement is unreachable
  	return 0;
main.c(104): warning:  #177-D: variable "freq" was declared but never referenced
  	uint16_t freq = 10000; /* Frequency = 10 kHz */
main.c(105): warning:  #177-D: variable "dir" was declared but never referenced
  	uint16_t dir = 1;
main.c: 14 warnings, 0 errors
linking...
Program Size: Code=9608 RO-data=1232 RW-data=56 ZI-data=1736  
".\Objects\lab6.axf" - 0 Error(s), 14 Warning(s).

<h2>Software Packages used:</h2>

Package Vendor: ARM
                http://www.keil.com/pack/ARM.CMSIS.4.5.0.pack
                ARM::CMSIS:CORE:4.3.0
                CMSIS (Cortex Microcontroller Software Interface Standard)
   * Component: CORE Version: 4.3.0

Package Vendor: Keil
                http://www.keil.com/pack/Keil.Kinetis_K60_DFP.1.4.0.pack
                Keil::Device:Startup:1.0.0
                Freescale Kinetis K60 Series Device Support and Examples
   * Component: Startup Version: 1.0.0

<h2>Collection of Component include folders:</h2>
  C:\Users\Chris\Desktop\IDE\IDECar\RTE
  C:\Keil_v5\ARM\PACK\ARM\CMSIS\4.5.0\CMSIS\Include
  C:\Keil_v5\ARM\PACK\Keil\Kinetis_K60_DFP\1.4.0\Device\Include

<h2>Collection of Component Files used:</h2>

   * Component: ARM::CMSIS:CORE:4.3.0

   * Component: Keil::Device:Startup:1.0.0
      Source file:   Device\Source\ARM\startup_MK64F12.s
      Source file:   Device\Source\system_MK64F12.c
Build Time Elapsed:  00:00:02
</pre>
</body>
</html>
