Component: ARM Compiler 5.06 update 6 (build 750) Tool: armlink [4d35ed]

==============================================================================

Section Cross References

    main_template_lab6.o(i.initialize) refers to pwm.o(i.InitPWM) for InitPWM
    main_template_lab6.o(i.initialize) refers to pwm.o(i.InitServoPWM) for InitServoPWM
    main_template_lab6.o(i.initialize) refers to main_template_lab6.o(i.motor_shield_init) for motor_shield_init
    main_template_lab6.o(i.main) refers to main_template_lab6.o(i.initialize) for initialize
    main_template_lab6.o(i.main) refers to camera.o(i.initCamera) for initCamera
    main_template_lab6.o(i.main) refers to camera.o(i.getLine) for getLine
    main_template_lab6.o(i.main) refers to steering.o(i.steeringFunction) for steeringFunction
    main_template_lab6.o(i.test_main) refers to main_template_lab6.o(i.initialize) for initialize
    main_template_lab6.o(i.test_main) refers to uart.o(i.put) for put
    main_template_lab6.o(i.test_main) refers to pwm.o(i.SetDutyCycle) for SetDutyCycle
    main_template_lab6.o(i.test_main) refers to pwm.o(i.SetServoDutyCycle) for SetServoDutyCycle
    pwm.o(i.FTM0_IRQHandler) refers to pwm.o(.data) for PWMTick
    pwm.o(i.FTM3_IRQHandler) refers to pwm.o(.data) for PWMTick
    uart.o(i.put) refers to uart.o(i.uart_putchar) for uart_putchar
    uart.o(i.putnumU) refers to _printf_percent.o(.ARM.Collect$$_printf_percent$$00000000) for _printf_percent
    uart.o(i.putnumU) refers to _printf_d.o(.ARM.Collect$$_printf_percent$$00000009) for _printf_d
    uart.o(i.putnumU) refers to _printf_dec.o(.text) for _printf_int_dec
    uart.o(i.putnumU) refers to noretval__2sprintf.o(.text) for __2sprintf
    uart.o(i.putnumU) refers to uart.o(i.put) for put
    camera.o(i.ADC0_IRQHandler) refers to camera.o(.data) for ADC0VAL
    camera.o(i.FTM2_IRQHandler) refers to camera.o(.data) for lineready
    camera.o(i.FTM2_IRQHandler) refers to camera.o(.bss) for line
    camera.o(i.camera_debug_main) refers to _printf_percent.o(.ARM.Collect$$_printf_percent$$00000000) for _printf_percent
    camera.o(i.camera_debug_main) refers to _printf_i.o(.ARM.Collect$$_printf_percent$$00000008) for _printf_i
    camera.o(i.camera_debug_main) refers to _printf_dec.o(.text) for _printf_int_dec
    camera.o(i.camera_debug_main) refers to uart.o(i.uart_init) for uart_init
    camera.o(i.camera_debug_main) refers to camera.o(i.initGPIO) for initGPIO
    camera.o(i.camera_debug_main) refers to camera.o(i.initFTM2) for initFTM2
    camera.o(i.camera_debug_main) refers to camera.o(i.initADC0) for initADC0
    camera.o(i.camera_debug_main) refers to camera.o(i.initPIT) for initPIT
    camera.o(i.camera_debug_main) refers to noretval__2sprintf.o(.text) for __2sprintf
    camera.o(i.camera_debug_main) refers to uart.o(i.put) for put
    camera.o(i.camera_debug_main) refers to camera.o(.data) for debugcamdata
    camera.o(i.camera_debug_main) refers to camera.o(.bss) for str
    camera.o(i.getLine) refers to rt_memcpy_v6.o(.text) for __aeabi_memcpy
    camera.o(i.getLine) refers to camera.o(.data) for lineready
    camera.o(i.getLine) refers to camera.o(.bss) for line
    camera.o(i.initADC0) refers to camera.o(i.__NVIC_EnableIRQ) for __NVIC_EnableIRQ
    camera.o(i.initCamera) refers to camera.o(i.initPIT) for initPIT
    camera.o(i.initCamera) refers to camera.o(i.initGPIO) for initGPIO
    camera.o(i.initCamera) refers to camera.o(i.initADC0) for initADC0
    camera.o(i.initCamera) refers to camera.o(i.initFTM2) for initFTM2
    camera.o(i.initFTM2) refers to camera.o(i.__NVIC_EnableIRQ) for __NVIC_EnableIRQ
    camera.o(i.initPIT) refers to camera.o(i.__NVIC_EnableIRQ) for __NVIC_EnableIRQ
    steering.o(i.Steer) refers to _printf_percent.o(.ARM.Collect$$_printf_percent$$00000000) for _printf_percent
    steering.o(i.Steer) refers to _printf_f.o(.ARM.Collect$$_printf_percent$$00000003) for _printf_f
    steering.o(i.Steer) refers to printf1.o(x$fpl$printf1) for _printf_fp_dec
    steering.o(i.Steer) refers to f2d.o(x$fpl$f2d) for __aeabi_f2d
    steering.o(i.Steer) refers to noretval__2sprintf.o(.text) for __2sprintf
    steering.o(i.Steer) refers to uart.o(i.put) for put
    steering.o(i.Steer) refers to dmul.o(x$fpl$dmul) for __aeabi_dmul
    steering.o(i.Steer) refers to daddsub_clz.o(x$fpl$dadd) for __aeabi_dadd
    steering.o(i.Steer) refers to d2f.o(x$fpl$d2f) for __aeabi_d2f
    steering.o(i.Steer) refers to dleqf.o(x$fpl$dleqf) for __aeabi_cdcmple
    steering.o(i.Steer) refers to drleqf.o(x$fpl$drleqf) for __aeabi_cdrcmple
    steering.o(i.Steer) refers to pwm.o(i.SetServoDutyCycle) for SetServoDutyCycle
    steering.o(i.Steer) refers to pwm.o(i.SetDutyCycle) for SetDutyCycle
    steering.o(i.Steer) refers to steering.o(.data) for steeringDebug
    steering.o(i.steeringFunction) refers to steering.o(i.Steer) for Steer
    steering.o(i.steeringFunction) refers to steering.o(.data) for maxValue
[...]
    __rtentry2.o(.ARM.exidx) refers to __rtentry2.o(.ARM.Collect$$rtentry$$0000000A) for .ARM.Collect$$rtentry$$0000000A
    __rtentry2.o(.ARM.exidx) refers to __rtentry2.o(.ARM.Collect$$rtentry$$0000000B) for .ARM.Collect$$rtentry$$0000000B
    __rtentry2.o(.ARM.exidx) refers to __rtentry2.o(.ARM.Collect$$rtentry$$0000000D) for .ARM.Collect$$rtentry$$0000000D
    __rtentry4.o(.ARM.Collect$$rtentry$$00000004) refers to sys_stackheap_outer.o(.text) for __user_setup_stackheap
    __rtentry4.o(.ARM.exidx) refers to __rtentry4.o(.ARM.Collect$$rtentry$$00000004) for .ARM.Collect$$rtentry$$00000004
    rt_locale.o(.text) refers to rt_locale.o(.bss) for __rt_locale_data
    rt_locale_intlibspace.o(.text) refers to libspace.o(.bss) for __libspace_start
    bigflt0.o(.text) refers (Special) to usenofp.o(x$fpl$usenofp) for __I$use$fp
    bigflt0.o(.text) refers to btod.o(CL$$btod_emul) for _btod_emul
    bigflt0.o(.text) refers to btod.o(CL$$btod_ediv) for _btod_ediv
    bigflt0.o(.text) refers to bigflt0.o(.constdata) for .constdata
    bigflt0.o(.constdata) refers (Special) to usenofp.o(x$fpl$usenofp) for __I$use$fp
    btod.o(CL$$btod_d2e) refers (Special) to usenofp.o(x$fpl$usenofp) for __I$use$fp
    btod.o(CL$$btod_d2e) refers to btod.o(CL$$btod_d2e_norm_op1) for _d2e_norm_op1
    btod.o(CL$$btod_d2e_norm_op1) refers (Special) to usenofp.o(x$fpl$usenofp) for __I$use$fp
    btod.o(CL$$btod_d2e_norm_op1) refers to btod.o(CL$$btod_d2e_denorm_low) for _d2e_denorm_low
    btod.o(CL$$btod_d2e_denorm_low) refers (Special) to usenofp.o(x$fpl$usenofp) for __I$use$fp
    btod.o(CL$$btod_emul) refers (Special) to usenofp.o(x$fpl$usenofp) for __I$use$fp
    btod.o(CL$$btod_emul) refers to btod.o(CL$$btod_mult_common) for __btod_mult_common
    btod.o(CL$$btod_emul) refers to btod.o(CL$$btod_e2e) for _e2e
    btod.o(CL$$btod_ediv) refers (Special) to usenofp.o(x$fpl$usenofp) for __I$use$fp
    btod.o(CL$$btod_ediv) refers to btod.o(CL$$btod_div_common) for __btod_div_common
    btod.o(CL$$btod_ediv) refers to btod.o(CL$$btod_e2e) for _e2e
    btod.o(CL$$btod_emuld) refers (Special) to usenofp.o(x$fpl$usenofp) for __I$use$fp
    btod.o(CL$$btod_emuld) refers to btod.o(CL$$btod_mult_common) for __btod_mult_common
    btod.o(CL$$btod_emuld) refers to btod.o(CL$$btod_e2d) for _e2d
    btod.o(CL$$btod_edivd) refers (Special) to usenofp.o(x$fpl$usenofp) for __I$use$fp
    btod.o(CL$$btod_edivd) refers to btod.o(CL$$btod_div_common) for __btod_div_common
    btod.o(CL$$btod_edivd) refers to btod.o(CL$$btod_e2d) for _e2d
    btod.o(CL$$btod_e2e) refers (Special) to usenofp.o(x$fpl$usenofp) for __I$use$fp
    btod.o(CL$$btod_e2d) refers (Special) to usenofp.o(x$fpl$usenofp) for __I$use$fp
    btod.o(CL$$btod_e2d) refers to btod.o(CL$$btod_e2e) for _e2e
    btod.o(CL$$btod_mult_common) refers (Special) to usenofp.o(x$fpl$usenofp) for __I$use$fp
    btod.o(CL$$btod_div_common) refers (Special) to usenofp.o(x$fpl$usenofp) for __I$use$fp
    lc_numeric_c.o(locale$$data) refers (Special) to libinit2.o(.ARM.Collect$$libinit$$00000016) for __rt_lib_init_lc_numeric_2
    lc_numeric_c.o(locale$$code) refers (Special) to libinit2.o(.ARM.Collect$$libinit$$00000016) for __rt_lib_init_lc_numeric_2
    lc_numeric_c.o(locale$$code) refers to strcmpv7m.o(.text) for strcmp
    lc_numeric_c.o(locale$$code) refers to lc_numeric_c.o(locale$$data) for __lcnum_c_name
    istatus.o(x$fpl$ieeestatus) refers (Special) to usenofp.o(x$fpl$usenofp) for __I$use$fp
    fpclassify.o(i.__ARM_fpclassify) refers (Special) to usenofp.o(x$fpl$usenofp) for __I$use$fp
    libspace.o(.text) refers to libspace.o(.bss) for __libspace_start
    sys_stackheap_outer.o(.text) refers to libspace.o(.text) for __user_perproc_libspace
    sys_stackheap_outer.o(.text) refers to startup_mk64f12.o(.text) for __user_initial_stackheap
    exit.o(.text) refers to rtexit.o(.ARM.Collect$$rtexit$$00000000) for __rt_exit
    libinit.o(.ARM.Collect$$libinit$$00000000) refers (Special) to libinit2.o(.ARM.Collect$$libinit$$0000002E) for __rt_lib_init_alloca_1
    libinit.o(.ARM.Collect$$libinit$$00000000) refers (Special) to libinit2.o(.ARM.Collect$$libinit$$0000002C) for __rt_lib_init_argv_1
    libinit.o(.ARM.Collect$$libinit$$00000000) refers (Special) to libinit2.o(.ARM.Collect$$libinit$$0000001B) for __rt_lib_init_atexit_1
    libinit.o(.ARM.Collect$$libinit$$00000000) refers (Special) to libinit2.o(.ARM.Collect$$libinit$$00000021) for __rt_lib_init_clock_1
    libinit.o(.ARM.Collect$$libinit$$00000000) refers (Special) to libinit2.o(.ARM.Collect$$libinit$$00000032) for __rt_lib_init_cpp_1
    libinit.o(.ARM.Collect$$libinit$$00000000) refers (Special) to libinit2.o(.ARM.Collect$$libinit$$00000030) for __rt_lib_init_exceptions_1
    libinit.o(.ARM.Collect$$libinit$$00000000) refers (Special) to libinit2.o(.ARM.Collect$$libinit$$00000001) for __rt_lib_init_fp_1
    libinit.o(.ARM.Collect$$libinit$$00000000) refers (Special) to libinit2.o(.ARM.Collect$$libinit$$0000001F) for __rt_lib_init_fp_trap_1
    libinit.o(.ARM.Collect$$libinit$$00000000) refers (Special) to libinit2.o(.ARM.Collect$$libinit$$00000023) for __rt_lib_init_getenv_1
    libinit.o(.ARM.Collect$$libinit$$00000000) refers (Special) to libinit2.o(.ARM.Collect$$libinit$$0000000A) for __rt_lib_init_heap_1
    libinit.o(.ARM.Collect$$libinit$$00000000) refers (Special) to libinit2.o(.ARM.Collect$$libinit$$00000011) for __rt_lib_init_lc_collate_1
    libinit.o(.ARM.Collect$$libinit$$00000000) refers (Special) to libinit2.o(.ARM.Collect$$libinit$$00000013) for __rt_lib_init_lc_ctype_1
    libinit.o(.ARM.Collect$$libinit$$00000000) refers (Special) to libinit2.o(.ARM.Collect$$libinit$$00000015) for __rt_lib_init_lc_monetary_1
    libinit.o(.ARM.Collect$$libinit$$00000000) refers (Special) to libinit2.o(.ARM.Collect$$libinit$$00000017) for __rt_lib_init_lc_numeric_1
    libinit.o(.ARM.Collect$$libinit$$00000000) refers (Special) to libinit2.o(.ARM.Collect$$libinit$$00000019) for __rt_lib_init_lc_time_1
    libinit.o(.ARM.Collect$$libinit$$00000000) refers (Special) to libinit2.o(.ARM.Collect$$libinit$$00000004) for __rt_lib_init_preinit_1
    libinit.o(.ARM.Collect$$libinit$$00000000) refers (Special) to libinit2.o(.ARM.Collect$$libinit$$0000000E) for __rt_lib_init_rand_1
    libinit.o(.ARM.Collect$$libinit$$00000000) refers (Special) to libinit2.o(.ARM.Collect$$libinit$$00000033) for __rt_lib_init_return
    libinit.o(.ARM.Collect$$libinit$$00000000) refers (Special) to libinit2.o(.ARM.Collect$$libinit$$0000001D) for __rt_lib_init_signal_1
    libinit.o(.ARM.Collect$$libinit$$00000000) refers (Special) to libinit2.o(.ARM.Collect$$libinit$$00000025) for __rt_lib_init_stdio_1
    libinit.o(.ARM.Collect$$libinit$$00000000) refers (Special) to libinit2.o(.ARM.Collect$$libinit$$0000000C) for __rt_lib_init_user_alloc_1
    libinit2.o(.ARM.Collect$$libinit$$00000001) refers to fpinit.o(x$fpl$fpinit) for _fp_init
    libinit2.o(.ARM.Collect$$libinit$$0000000F) refers (Weak) to rt_locale_intlibspace.o(.text) for __rt_locale
    libinit2.o(.ARM.Collect$$libinit$$00000010) refers to libinit2.o(.ARM.Collect$$libinit$$0000000F) for .ARM.Collect$$libinit$$0000000F
    libinit2.o(.ARM.Collect$$libinit$$00000012) refers to libinit2.o(.ARM.Collect$$libinit$$0000000F) for .ARM.Collect$$libinit$$0000000F
    libinit2.o(.ARM.Collect$$libinit$$00000014) refers to libinit2.o(.ARM.Collect$$libinit$$0000000F) for .ARM.Collect$$libinit$$0000000F
    libinit2.o(.ARM.Collect$$libinit$$00000016) refers to libinit2.o(.ARM.Collect$$libinit$$0000000F) for .ARM.Collect$$libinit$$0000000F
    libinit2.o(.ARM.Collect$$libinit$$00000016) refers (Weak) to lc_numeric_c.o(locale$$code) for _get_lc_numeric
    libinit2.o(.ARM.Collect$$libinit$$00000018) refers to libinit2.o(.ARM.Collect$$libinit$$0000000F) for .ARM.Collect$$libinit$$0000000F
    libinit2.o(.ARM.Collect$$libinit$$00000026) refers to argv_veneer.o(.emb_text) for __ARM_argv_veneer
    libinit2.o(.ARM.Collect$$libinit$$00000027) refers to argv_veneer.o(.emb_text) for __ARM_argv_veneer
    rtexit.o(.ARM.Collect$$rtexit$$00000000) refers (Special) to rtexit2.o(.ARM.Collect$$rtexit$$00000004) for __rt_exit_exit
    rtexit.o(.ARM.Collect$$rtexit$$00000000) refers (Special) to rtexit2.o(.ARM.Collect$$rtexit$$00000003) for __rt_exit_ls
    rtexit.o(.ARM.Collect$$rtexit$$00000000) refers (Special) to rtexit2.o(.ARM.Collect$$rtexit$$00000002) for __rt_exit_prels_1
    rtexit.o(.ARM.exidx) refers (Special) to rtexit2.o(.ARM.Collect$$rtexit$$00000004) for __rt_exit_exit
    rtexit.o(.ARM.exidx) refers (Special) to rtexit2.o(.ARM.Collect$$rtexit$$00000003) for __rt_exit_ls
    rtexit.o(.ARM.exidx) refers (Special) to rtexit2.o(.ARM.Collect$$rtexit$$00000002) for __rt_exit_prels_1
    rtexit.o(.ARM.exidx) refers to rtexit.o(.ARM.Collect$$rtexit$$00000000) for .ARM.Collect$$rtexit$$00000000
    argv_veneer.o(.emb_text) refers to no_argv.o(.text) for __ARM_get_argv
    rtexit2.o(.ARM.Collect$$rtexit$$00000003) refers to libshutdown.o(.ARM.Collect$$libshutdown$$00000000) for __rt_lib_shutdown
    rtexit2.o(.ARM.Collect$$rtexit$$00000004) refers to sys_exit.o(.text) for _sys_exit
    rtexit2.o(.ARM.exidx) refers to rtexit2.o(.ARM.Collect$$rtexit$$00000001) for .ARM.Collect$$rtexit$$00000001
    rtexit2.o(.ARM.exidx) refers to rtexit2.o(.ARM.Collect$$rtexit$$00000003) for .ARM.Collect$$rtexit$$00000003
    rtexit2.o(.ARM.exidx) refers to rtexit2.o(.ARM.Collect$$rtexit$$00000004) for .ARM.Collect$$rtexit$$00000004
    _get_argv_nomalloc.o(.text) refers (Special) to hrguard.o(.text) for __heap_region$guard
    _get_argv_nomalloc.o(.text) refers to defsig_rtmem_outer.o(.text) for __rt_SIGRTMEM
    _get_argv_nomalloc.o(.text) refers to sys_command.o(.text) for _sys_command_string
    sys_command.o(.text) refers (Special) to use_no_semi.o(.text) for __I$use$semihosting
    sys_command.o(.text) refers (Special) to indicate_semi.o(.text) for __semihosting_library_function
    sys_exit.o(.text) refers (Special) to use_no_semi.o(.text) for __I$use$semihosting
    sys_exit.o(.text) refers (Special) to indicate_semi.o(.text) for __semihosting_library_function
    defsig_rtmem_outer.o(.text) refers to defsig_rtmem_inner.o(.text) for __rt_SIGRTMEM_inner
    defsig_rtmem_outer.o(.text) refers to defsig_exit.o(.text) for __sig_exit
    defsig_rtmem_formal.o(.text) refers to rt_raise.o(.text) for __rt_raise
    libshutdown.o(.ARM.Collect$$libshutdown$$00000000) refers (Special) to libshutdown2.o(.ARM.Collect$$libshutdown$$00000002) for __rt_lib_shutdown_cpp_1
    libshutdown.o(.ARM.Collect$$libshutdown$$00000000) refers (Special) to libshutdown2.o(.ARM.Collect$$libshutdown$$00000007) for __rt_lib_shutdown_fp_trap_1
    libshutdown.o(.ARM.Collect$$libshutdown$$00000000) refers (Special) to libshutdown2.o(.ARM.Collect$$libshutdown$$0000000F) for __rt_lib_shutdown_heap_1
    libshutdown.o(.ARM.Collect$$libshutdown$$00000000) refers (Special) to libshutdown2.o(.ARM.Collect$$libshutdown$$00000010) for __rt_lib_shutdown_return
    libshutdown.o(.ARM.Collect$$libshutdown$$00000000) refers (Special) to libshutdown2.o(.ARM.Collect$$libshutdown$$0000000A) for __rt_lib_shutdown_signal_1
    libshutdown.o(.ARM.Collect$$libshutdown$$00000000) refers (Special) to libshutdown2.o(.ARM.Collect$$libshutdown$$00000004) for __rt_lib_shutdown_stdio_1
    libshutdown.o(.ARM.Collect$$libshutdown$$00000000) refers (Special) to libshutdown2.o(.ARM.Collect$$libshutdown$$0000000C) for __rt_lib_shutdown_user_alloc_1
    rt_raise.o(.text) refers to __raise.o(.text) for __raise
    rt_raise.o(.text) refers to sys_exit.o(.text) for _sys_exit
    defsig_exit.o(.text) refers to sys_exit.o(.text) for _sys_exit
    defsig_rtmem_inner.o(.text) refers to defsig_general.o(.text) for __default_signal_display
    __raise.o(.text) refers to defsig.o(CL$$defsig) for __default_signal_handler
    defsig_general.o(.text) refers to sys_wrch.o(.text) for _ttywrch
    sys_wrch.o(.text) refers (Special) to use_no_semi.o(.text) for __I$use$semihosting
    sys_wrch.o(.text) refers (Special) to indicate_semi.o(.text) for __semihosting_library_function
    defsig.o(CL$$defsig) refers to defsig_rtmem_inner.o(.text) for __rt_SIGRTMEM_inner
    defsig_abrt_inner.o(.text) refers to defsig_general.o(.text) for __default_signal_display
    defsig_fpe_inner.o(.text) refers to defsig_general.o(.text) for __default_signal_display
    defsig_rtred_inner.o(.text) refers to defsig_general.o(.text) for __default_signal_display
    defsig_stak_inner.o(.text) refers to defsig_general.o(.text) for __default_signal_display
    defsig_pvfn_inner.o(.text) refers to defsig_general.o(.text) for __default_signal_display
    defsig_cppl_inner.o(.text) refers to defsig_general.o(.text) for __default_signal_display
    defsig_segv_inner.o(.text) refers to defsig_general.o(.text) for __default_signal_display
    defsig_other.o(.text) refers to defsig_general.o(.text) for __default_signal_display


==============================================================================

Removing Unused input sections from the image.

    Removing main_template_lab6.o(.rev16_text), (4 bytes).
    Removing main_template_lab6.o(.revsh_text), (4 bytes).
    Removing main_template_lab6.o(.rrx_text), (6 bytes).
    Removing main_template_lab6.o(i.delay), (20 bytes).
    Removing main_template_lab6.o(i.test_main), (88 bytes).
    Removing main_template_lab6.o(i.turnOffAll), (40 bytes).
    Removing main_template_lab6.o(i.turnOnAll), (40 bytes).
    Removing pwm.o(.rev16_text), (4 bytes).
    Removing pwm.o(.revsh_text), (4 bytes).
    Removing pwm.o(.rrx_text), (6 bytes).
    Removing uart.o(.rev16_text), (4 bytes).
    Removing uart.o(.revsh_text), (4 bytes).
    Removing uart.o(.rrx_text), (6 bytes).
    Removing uart.o(i.Button_Init), (40 bytes).
    Removing uart.o(i.LED_init), (92 bytes).
    Removing uart.o(i.putnumU), (32 bytes).
    Removing uart.o(i.uart_getchar), (24 bytes).
    Removing uart.o(i.uart_init), (124 bytes).
    Removing camera.o(.rev16_text), (4 bytes).
    Removing camera.o(.revsh_text), (4 bytes).
    Removing camera.o(.rrx_text), (6 bytes).
    Removing camera.o(i.camera_debug_main), (172 bytes).
    Removing steering.o(.rev16_text), (4 bytes).
    Removing steering.o(.revsh_text), (4 bytes).
    Removing steering.o(.rrx_text), (6 bytes).
    Removing system_mk64f12.o(.rev16_text), (4 bytes).
    Removing system_mk64f12.o(.revsh_text), (4 bytes).
    Removing system_mk64f12.o(.rrx_text), (6 bytes).
    Removing system_mk64f12.o(i.SystemCoreClockUpdate), (344 bytes).
    Removing system_mk64f12.o(.data), (4 bytes).

30 unused section(s) (total 1104 bytes) removed from the image.

==============================================================================

Image Symbol Table

    Local Symbols

    Symbol Name                              Value     Ov Type        Size  Object(Section)

    RESET                                    0x00000000   Section     1024  startup_mk64f12.o(RESET)
    ../clib/angel/boardlib.s                 0x00000000   Number         0  boardshut.o ABSOLUTE
    ../clib/angel/boardlib.s                 0x00000000   Number         0  boardinit1.o ABSOLUTE
    ../clib/angel/boardlib.s                 0x00000000   Number         0  boardinit2.o ABSOLUTE
    ../clib/angel/boardlib.s                 0x00000000   Number         0  boardinit3.o ABSOLUTE
    ../clib/angel/handlers.s                 0x00000000   Number         0  __scatter_zi.o ABSOLUTE
    ../clib/angel/handlers.s                 0x00000000   Number         0  __scatter_copy.o ABSOLUTE
    ../clib/angel/kernel.s                   0x00000000   Number         0  __rtentry4.o ABSOLUTE
    ../clib/angel/kernel.s                   0x00000000   Number         0  __rtentry.o ABSOLUTE
    ../clib/angel/kernel.s                   0x00000000   Number         0  __rtentry2.o ABSOLUTE
    ../clib/angel/kernel.s                   0x00000000   Number         0  rtexit2.o ABSOLUTE
    ../clib/angel/kernel.s                   0x00000000   Number         0  rtexit.o ABSOLUTE
    ../clib/angel/rt.s                       0x00000000   Number         0  rt_locale_intlibspace.o ABSOLUTE
    ../clib/angel/rt.s                       0x00000000   Number         0  rt_locale.o ABSOLUTE
    ../clib/angel/rt.s                       0x00000000   Number         0  rt_raise.o ABSOLUTE
    ../clib/angel/scatter.s                  0x00000000   Number         0  __scatter.o ABSOLUTE
    ../clib/angel/startup.s                  0x00000000   Number         0  __main.o ABSOLUTE
    ../clib/angel/sys.s                      0x00000000   Number         0  indicate_semi.o ABSOLUTE
    ../clib/angel/sys.s                      0x00000000   Number         0  use_no_semi.o ABSOLUTE
    ../clib/angel/sys.s                      0x00000000   Number         0  libspace.o ABSOLUTE
    ../clib/angel/sys.s                      0x00000000   Number         0  sys_stackheap_outer.o ABSOLUTE
    ../clib/angel/sysapp.c                   0x00000000   Number         0  sys_wrch.o ABSOLUTE
    ../clib/angel/sysapp.c                   0x00000000   Number         0  sys_exit.o ABSOLUTE
    ../clib/angel/sysapp.c                   0x00000000   Number         0  sys_command.o ABSOLUTE
    ../clib/armsys.c                         0x00000000   Number         0  argv_veneer.o ABSOLUTE
    ../clib/armsys.c                         0x00000000   Number         0  argv_veneer.o ABSOLUTE
    ../clib/armsys.c                         0x00000000   Number         0  no_argv.o ABSOLUTE
    ../clib/armsys.c                         0x00000000   Number         0  _get_argv_nomalloc.o ABSOLUTE
    ../clib/bigflt.c                         0x00000000   Number         0  bigflt0.o ABSOLUTE
    ../clib/btod.s                           0x00000000   Number         0  btod.o ABSOLUTE
    ../clib/heapalloc.c                      0x00000000   Number         0  hrguard.o ABSOLUTE
    ../clib/heapaux.c                        0x00000000   Number         0  heapauxi.o ABSOLUTE
    ../clib/libinit.s                        0x00000000   Number         0  libinit.o ABSOLUTE
    ../clib/libinit.s                        0x00000000   Number         0  libshutdown2.o ABSOLUTE
    ../clib/libinit.s                        0x00000000   Number         0  libinit2.o ABSOLUTE
    ../clib/libinit.s                        0x00000000   Number         0  libshutdown.o ABSOLUTE
    ../clib/locale.s                         0x00000000   Number         0  lc_numeric_c.o ABSOLUTE
    ../clib/longlong.s                       0x00000000   Number         0  lludiv10.o ABSOLUTE
    ../clib/memcpset.s                       0x00000000   Number         0  strcmpv7m.o ABSOLUTE
    ../clib/memcpset.s                       0x00000000   Number         0  rt_memcpy_v6.o ABSOLUTE
    ../clib/memcpset.s                       0x00000000   Number         0  rt_memcpy_w.o ABSOLUTE
    ../clib/printf.c                         0x00000000   Number         0  _printf_dec.o ABSOLUTE
    ../clib/printf.c                         0x00000000   Number         0  __printf.o ABSOLUTE
    ../clib/printf.c                         0x00000000   Number         0  __printf_flags_ss.o ABSOLUTE
    ../clib/printf.c                         0x00000000   Number         0  __printf_wp.o ABSOLUTE
    ../clib/printf.c                         0x00000000   Number         0  _printf_fp_dec.o ABSOLUTE
    ../clib/printf.c                         0x00000000   Number         0  noretval__2sprintf.o ABSOLUTE
    ../clib/printf.c                         0x00000000   Number         0  __2sprintf.o ABSOLUTE
    ../clib/printf.c                         0x00000000   Number         0  __printf_ss_wp.o ABSOLUTE
    ../clib/printf.c                         0x00000000   Number         0  _printf_char_common.o ABSOLUTE
    ../clib/printf.c                         0x00000000   Number         0  __printf_flags_wp.o ABSOLUTE
    ../clib/printf.c                         0x00000000   Number         0  _sputc.o ABSOLUTE
    ../clib/printf.c                         0x00000000   Number         0  _printf_intcommon.o ABSOLUTE
    ../clib/printf.c                         0x00000000   Number         0  __printf_flags_ss_wp.o ABSOLUTE
    ../clib/printf.c                         0x00000000   Number         0  __printf_ss.o ABSOLUTE
    ../clib/printf.c                         0x00000000   Number         0  __printf_flags.o ABSOLUTE
    ../clib/printf.c                         0x00000000   Number         0  __printf_nopercent.o ABSOLUTE
    ../clib/printf.c                         0x00000000   Number         0  _printf_fp_infnan.o ABSOLUTE
    ../clib/printf_percent.s                 0x00000000   Number         0  _printf_percent.o ABSOLUTE
    ../clib/printf_percent.s                 0x00000000   Number         0  _printf_i.o ABSOLUTE
    ../clib/printf_percent.s                 0x00000000   Number         0  _printf_f.o ABSOLUTE
    ../clib/printf_percent.s                 0x00000000   Number         0  _printf_d.o ABSOLUTE
    ../clib/printf_percent.s                 0x00000000   Number         0  _printf_percent_end.o ABSOLUTE
    ../clib/signal.c                         0x00000000   Number         0  defsig_rtmem_outer.o ABSOLUTE
    ../clib/signal.c                         0x00000000   Number         0  defsig_rtmem_inner.o ABSOLUTE
    ../clib/signal.c                         0x00000000   Number         0  defsig_other.o ABSOLUTE
    ../clib/signal.c                         0x00000000   Number         0  defsig_segv_inner.o ABSOLUTE
    ../clib/signal.c                         0x00000000   Number         0  defsig_cppl_inner.o ABSOLUTE
    ../clib/signal.c                         0x00000000   Number         0  defsig_pvfn_inner.o ABSOLUTE
    ../clib/signal.c                         0x00000000   Number         0  defsig_stak_inner.o ABSOLUTE
    ../clib/signal.c                         0x00000000   Number         0  defsig_rtred_inner.o ABSOLUTE
    ../clib/signal.c                         0x00000000   Number         0  defsig_fpe_inner.o ABSOLUTE
    ../clib/signal.c                         0x00000000   Number         0  defsig_abrt_inner.o ABSOLUTE
    ../clib/signal.c                         0x00000000   Number         0  defsig_general.o ABSOLUTE
    ../clib/signal.c                         0x00000000   Number         0  __raise.o ABSOLUTE
    ../clib/signal.c                         0x00000000   Number         0  defsig_exit.o ABSOLUTE
    ../clib/signal.c                         0x00000000   Number         0  defsig_rtmem_formal.o ABSOLUTE
    ../clib/signal.s                         0x00000000   Number         0  defsig.o ABSOLUTE
    ../clib/stdlib.c                         0x00000000   Number         0  exit.o ABSOLUTE
    ../fplib/d2f.s                           0x00000000   Number         0  d2f.o ABSOLUTE
    ../fplib/daddsub.s                       0x00000000   Number         0  daddsub_clz.o ABSOLUTE
    ../fplib/dcmpi.s                         0x00000000   Number         0  dcmpi.o ABSOLUTE
    ../fplib/dleqf.s                         0x00000000   Number         0  dleqf.o ABSOLUTE
    ../fplib/dmul.s                          0x00000000   Number         0  dmul.o ABSOLUTE
    ../fplib/dnaninf.s                       0x00000000   Number         0  dnaninf.o ABSOLUTE
    ../fplib/dretinf.s                       0x00000000   Number         0  dretinf.o ABSOLUTE
    ../fplib/drleqf.s                        0x00000000   Number         0  drleqf.o ABSOLUTE
    ../fplib/f2d.s                           0x00000000   Number         0  f2d.o ABSOLUTE
    ../fplib/fnaninf.s                       0x00000000   Number         0  fnaninf.o ABSOLUTE
    ../fplib/fpinit.s                        0x00000000   Number         0  fpinit.o ABSOLUTE
    ../fplib/fretinf.s                       0x00000000   Number         0  fretinf.o ABSOLUTE
    ../fplib/istatus.s                       0x00000000   Number         0  istatus.o ABSOLUTE
    ../fplib/printf1.s                       0x00000000   Number         0  printf1.o ABSOLUTE
    ../fplib/usenofp.s                       0x00000000   Number         0  usenofp.o ABSOLUTE
    ../mathlib/fpclassify.c                  0x00000000   Number         0  fpclassify.o ABSOLUTE
    RTE\Device\MK64FX512xxx12\startup_MK64F12.s 0x00000000   Number         0  startup_mk64f12.o ABSOLUTE
    RTE\Device\MK64FX512xxx12\system_MK64F12.c 0x00000000   Number         0  system_mk64f12.o ABSOLUTE
    RTE\\Device\\MK64FX512xxx12\\system_MK64F12.c 0x00000000   Number         0  system_mk64f12.o ABSOLUTE
    camera.c                                 0x00000000   Number         0  camera.o ABSOLUTE
    camera.c                                 0x00000000   Number         0  camera.o ABSOLUTE
    dc.s                                     0x00000000   Number         0  dc.o ABSOLUTE
    main_template_lab6.c                     0x00000000   Number         0  main_template_lab6.o ABSOLUTE
    main_template_lab6.c                     0x00000000   Number         0  main_template_lab6.o ABSOLUTE
    pwm.c                                    0x00000000   Number         0  pwm.o ABSOLUTE
    pwm.c                                    0x00000000   Number         0  pwm.o ABSOLUTE
    steering.c                               0x00000000   Number         0  steering.o ABSOLUTE
    steering.c                               0x00000000   Number         0  steering.o ABSOLUTE
    uart.c                                   0x00000000   Number         0  uart.o ABSOLUTE
    uart.c                                   0x00000000   Number         0  uart.o ABSOLUTE
    .ARM.__at_0x400                          0x00000400   Section       16  startup_mk64f12.o(.ARM.__at_0x400)
    !!!main                                  0x00000410   Section        8  __main.o(!!!main)
    !!!scatter                               0x00000418   Section       52  __scatter.o(!!!scatter)
    !!handler_copy                           0x0000044c   Section       26  __scatter_copy.o(!!handler_copy)
    !!handler_zi                             0x00000468   Section       28  __scatter_zi.o(!!handler_zi)
    .ARM.Collect$$_printf_percent$$00000000  0x00000484   Section        0  _printf_percent.o(.ARM.Collect$$_printf_percent$$00000000)
    .ARM.Collect$$_printf_percent$$00000003  0x00000484   Section        6  _printf_f.o(.ARM.Collect$$_printf_percent$$00000003)
    .ARM.Collect$$_printf_percent$$00000017  0x0000048a   Section        4  _printf_percent_end.o(.ARM.Collect$$_printf_percent$$00000017)
    .ARM.Collect$$libinit$$00000000          0x0000048e   Section        2  libinit.o(.ARM.Collect$$libinit$$00000000)
    .ARM.Collect$$libinit$$00000001          0x00000490   Section        4  libinit2.o(.ARM.Collect$$libinit$$00000001)
    .ARM.Collect$$libinit$$00000004          0x00000494   Section        0  libinit2.o(.ARM.Collect$$libinit$$00000004)
    .ARM.Collect$$libinit$$0000000A          0x00000494   Section        0  libinit2.o(.ARM.Collect$$libinit$$0000000A)
    .ARM.Collect$$libinit$$0000000C          0x00000494   Section        0  libinit2.o(.ARM.Collect$$libinit$$0000000C)
    .ARM.Collect$$libinit$$0000000E          0x00000494   Section        0  libinit2.o(.ARM.Collect$$libinit$$0000000E)
    .ARM.Collect$$libinit$$0000000F          0x00000494   Section        6  libinit2.o(.ARM.Collect$$libinit$$0000000F)
    .ARM.Collect$$libinit$$00000011          0x0000049a   Section        0  libinit2.o(.ARM.Collect$$libinit$$00000011)
    .ARM.Collect$$libinit$$00000013          0x0000049a   Section        0  libinit2.o(.ARM.Collect$$libinit$$00000013)
    .ARM.Collect$$libinit$$00000015          0x0000049a   Section        0  libinit2.o(.ARM.Collect$$libinit$$00000015)
    .ARM.Collect$$libinit$$00000016          0x0000049a   Section       10  libinit2.o(.ARM.Collect$$libinit$$00000016)
    .ARM.Collect$$libinit$$00000017          0x000004a4   Section        0  libinit2.o(.ARM.Collect$$libinit$$00000017)
    .ARM.Collect$$libinit$$00000019          0x000004a4   Section        0  libinit2.o(.ARM.Collect$$libinit$$00000019)
    .ARM.Collect$$libinit$$0000001B          0x000004a4   Section        0  libinit2.o(.ARM.Collect$$libinit$$0000001B)
    .ARM.Collect$$libinit$$0000001D          0x000004a4   Section        0  libinit2.o(.ARM.Collect$$libinit$$0000001D)
    .ARM.Collect$$libinit$$0000001F          0x000004a4   Section        0  libinit2.o(.ARM.Collect$$libinit$$0000001F)
    .ARM.Collect$$libinit$$00000021          0x000004a4   Section        0  libinit2.o(.ARM.Collect$$libinit$$00000021)
    .ARM.Collect$$libinit$$00000023          0x000004a4   Section        0  libinit2.o(.ARM.Collect$$libinit$$00000023)
    .ARM.Collect$$libinit$$00000025          0x000004a4   Section        0  libinit2.o(.ARM.Collect$$libinit$$00000025)
    .ARM.Collect$$libinit$$0000002C          0x000004a4   Section        0  libinit2.o(.ARM.Collect$$libinit$$0000002C)
    .ARM.Collect$$libinit$$0000002E          0x000004a4   Section        0  libinit2.o(.ARM.Collect$$libinit$$0000002E)
    .ARM.Collect$$libinit$$00000030          0x000004a4   Section        0  libinit2.o(.ARM.Collect$$libinit$$00000030)
    .ARM.Collect$$libinit$$00000032          0x000004a4   Section        0  libinit2.o(.ARM.Collect$$libinit$$00000032)
    .ARM.Collect$$libinit$$00000033          0x000004a4   Section        2  libinit2.o(.ARM.Collect$$libinit$$00000033)
    .ARM.Collect$$libshutdown$$00000000      0x000004a6   Section        2  libshutdown.o(.ARM.Collect$$libshutdown$$00000000)
    .ARM.Collect$$libshutdown$$00000002      0x000004a8   Section        0  libshutdown2.o(.ARM.Collect$$libshutdown$$00000002)
    .ARM.Collect$$libshutdown$$00000004      0x000004a8   Section        0  libshutdown2.o(.ARM.Collect$$libshutdown$$00000004)
    .ARM.Collect$$libshutdown$$00000007      0x000004a8   Section        0  libshutdown2.o(.ARM.Collect$$libshutdown$$00000007)
    .ARM.Collect$$libshutdown$$0000000A      0x000004a8   Section        0  libshutdown2.o(.ARM.Collect$$libshutdown$$0000000A)
    .ARM.Collect$$libshutdown$$0000000C      0x000004a8   Section        0  libshutdown2.o(.ARM.Collect$$libshutdown$$0000000C)
    .ARM.Collect$$libshutdown$$0000000F      0x000004a8   Section        0  libshutdown2.o(.ARM.Collect$$libshutdown$$0000000F)
    .ARM.Collect$$libshutdown$$00000010      0x000004a8   Section        2  libshutdown2.o(.ARM.Collect$$libshutdown$$00000010)
    .ARM.Collect$$rtentry$$00000000          0x000004aa   Section        0  __rtentry.o(.ARM.Collect$$rtentry$$00000000)
    .ARM.Collect$$rtentry$$00000002          0x000004aa   Section        0  __rtentry2.o(.ARM.Collect$$rtentry$$00000002)
    .ARM.Collect$$rtentry$$00000004          0x000004aa   Section        6  __rtentry4.o(.ARM.Collect$$rtentry$$00000004)
    .ARM.Collect$$rtentry$$00000009          0x000004b0   Section        0  __rtentry2.o(.ARM.Collect$$rtentry$$00000009)
    .ARM.Collect$$rtentry$$0000000A          0x000004b0   Section        4  __rtentry2.o(.ARM.Collect$$rtentry$$0000000A)
    .ARM.Collect$$rtentry$$0000000C          0x000004b4   Section        0  __rtentry2.o(.ARM.Collect$$rtentry$$0000000C)
    .ARM.Collect$$rtentry$$0000000D          0x000004b4   Section        8  __rtentry2.o(.ARM.Collect$$rtentry$$0000000D)
    .ARM.Collect$$rtexit$$00000000           0x000004bc   Section        2  rtexit.o(.ARM.Collect$$rtexit$$00000000)
    .ARM.Collect$$rtexit$$00000002           0x000004be   Section        0  rtexit2.o(.ARM.Collect$$rtexit$$00000002)
    .ARM.Collect$$rtexit$$00000003           0x000004be   Section        4  rtexit2.o(.ARM.Collect$$rtexit$$00000003)
    .ARM.Collect$$rtexit$$00000004           0x000004c2   Section        6  rtexit2.o(.ARM.Collect$$rtexit$$00000004)
    .text                                    0x000004c8   Section       72  startup_mk64f12.o(.text)
    $v0                                      0x000004c8   Number         0  startup_mk64f12.o(.text)
    .text                                    0x00000510   Section        0  noretval__2sprintf.o(.text)
    .text                                    0x00000538   Section        0  __printf.o(.text)
    .text                                    0x000005a0   Section      138  rt_memcpy_v6.o(.text)
    .text                                    0x0000062a   Section        0  heapauxi.o(.text)
    .text                                    0x00000630   Section        0  _printf_fp_dec.o(.text)
    _fp_digits                               0x00000633   Thumb Code   432  _printf_fp_dec.o(.text)
    .text                                    0x00000a50   Section        0  _printf_char_common.o(.text)
    _printf_input_char                       0x00000a51   Thumb Code    10  _printf_char_common.o(.text)
    .text                                    0x00000a80   Section        0  _sputc.o(.text)
    .text                                    0x00000a8a   Section      100  rt_memcpy_w.o(.text)
    .text                                    0x00000af0   Section        8  rt_locale_intlibspace.o(.text)
    .text                                    0x00000af8   Section      138  lludiv10.o(.text)
    .text                                    0x00000b84   Section        0  _printf_fp_infnan.o(.text)
    .text                                    0x00000c04   Section        0  bigflt0.o(.text)
    .text                                    0x00000ce8   Section        8  libspace.o(.text)
    .text                                    0x00000cf0   Section       74  sys_stackheap_outer.o(.text)
    .text                                    0x00000d3a   Section        0  exit.o(.text)
    .text                                    0x00000d4c   Section      128  strcmpv7m.o(.text)
    .text                                    0x00000dcc   Section        0  sys_exit.o(.text)
    .text                                    0x00000dd8   Section        2  use_no_semi.o(.text)
    .text                                    0x00000dda   Section        0  indicate_semi.o(.text)
    CL$$btod_d2e                             0x00000dda   Section       62  btod.o(CL$$btod_d2e)
    CL$$btod_d2e_denorm_low                  0x00000e18   Section       70  btod.o(CL$$btod_d2e_denorm_low)
    CL$$btod_d2e_norm_op1                    0x00000e5e   Section       96  btod.o(CL$$btod_d2e_norm_op1)
    CL$$btod_div_common                      0x00000ebe   Section      824  btod.o(CL$$btod_div_common)
    CL$$btod_e2e                             0x000011f6   Section      220  btod.o(CL$$btod_e2e)
    CL$$btod_ediv                            0x000012d2   Section       42  btod.o(CL$$btod_ediv)
    CL$$btod_emul                            0x000012fc   Section       42  btod.o(CL$$btod_emul)
    CL$$btod_mult_common                     0x00001326   Section      580  btod.o(CL$$btod_mult_common)
    i.ADC0_IRQHandler                        0x0000156c   Section        0  camera.o(i.ADC0_IRQHandler)
    i.FTM0_IRQHandler                        0x00001580   Section        0  pwm.o(i.FTM0_IRQHandler)
    i.FTM2_IRQHandler                        0x000015a8   Section        0  camera.o(i.FTM2_IRQHandler)
    i.FTM3_IRQHandler                        0x00001688   Section        0  pwm.o(i.FTM3_IRQHandler)
    i.InitPWM                                0x000016b0   Section        0  pwm.o(i.InitPWM)
    i.InitServoPWM                           0x00001754   Section        0  pwm.o(i.InitServoPWM)
    i.PIT0_IRQHandler                        0x000017b4   Section        0  camera.o(i.PIT0_IRQHandler)
    i.SetDutyCycle                           0x000017dc   Section        0  pwm.o(i.SetDutyCycle)
    i.SetServoDutyCycle                      0x0000183c   Section        0  pwm.o(i.SetServoDutyCycle)
    i.Steer                                  0x00001868   Section        0  steering.o(i.Steer)
    i.SystemInit                             0x00001a4c   Section        0  system_mk64f12.o(i.SystemInit)
    i.__ARM_fpclassify                       0x00001aec   Section        0  fpclassify.o(i.__ARM_fpclassify)
    i.__NVIC_EnableIRQ                       0x00001b1c   Section        0  camera.o(i.__NVIC_EnableIRQ)
    __NVIC_EnableIRQ                         0x00001b1d   Thumb Code    26  camera.o(i.__NVIC_EnableIRQ)
    i.getLine                                0x00001b38   Section        0  camera.o(i.getLine)
    i.initADC0                               0x00001b5c   Section        0  camera.o(i.initADC0)
    i.initCamera                             0x00001c10   Section        0  camera.o(i.initCamera)
    i.initFTM2                               0x00001c24   Section        0  camera.o(i.initFTM2)
    i.initGPIO                               0x00001cac   Section        0  camera.o(i.initGPIO)
    i.initPIT                                0x00001cf8   Section        0  camera.o(i.initPIT)
    i.initialize                             0x00001d68   Section        0  main_template_lab6.o(i.initialize)
    i.main                                   0x00001d78   Section        0  main_template_lab6.o(i.main)
    i.motor_shield_init                      0x00001d98   Section        0  main_template_lab6.o(i.motor_shield_init)
    i.put                                    0x00001dd4   Section        0  uart.o(i.put)
    i.steeringFunction                       0x00001dec   Section        0  steering.o(i.steeringFunction)
    i.uart_putchar                           0x00001ecc   Section        0  uart.o(i.uart_putchar)
    locale$$code                             0x00001ee4   Section       44  lc_numeric_c.o(locale$$code)
    x$fpl$d2f                                0x00001f10   Section       98  d2f.o(x$fpl$d2f)
    $v0                                      0x00001f10   Number         0  d2f.o(x$fpl$d2f)
    x$fpl$dadd                               0x00001f74   Section      336  daddsub_clz.o(x$fpl$dadd)
    $v0                                      0x00001f74   Number         0  daddsub_clz.o(x$fpl$dadd)
    _dadd1                                   0x00001f85   Thumb Code     0  daddsub_clz.o(x$fpl$dadd)
    x$fpl$dcmpinf                            0x000020c4   Section       24  dcmpi.o(x$fpl$dcmpinf)
    $v0                                      0x000020c4   Number         0  dcmpi.o(x$fpl$dcmpinf)
    x$fpl$dleqf                              0x000020dc   Section      120  dleqf.o(x$fpl$dleqf)
    $v0                                      0x000020dc   Number         0  dleqf.o(x$fpl$dleqf)
    x$fpl$dmul                               0x00002154   Section      340  dmul.o(x$fpl$dmul)
    $v0                                      0x00002154   Number         0  dmul.o(x$fpl$dmul)
    x$fpl$dnaninf                            0x000022a8   Section      156  dnaninf.o(x$fpl$dnaninf)
    $v0                                      0x000022a8   Number         0  dnaninf.o(x$fpl$dnaninf)
    x$fpl$dretinf                            0x00002344   Section       12  dretinf.o(x$fpl$dretinf)
    $v0                                      0x00002344   Number         0  dretinf.o(x$fpl$dretinf)
    x$fpl$drleqf                             0x00002350   Section      108  drleqf.o(x$fpl$drleqf)
    $v0                                      0x00002350   Number         0  drleqf.o(x$fpl$drleqf)
    x$fpl$dsub                               0x000023bc   Section      468  daddsub_clz.o(x$fpl$dsub)
    $v0                                      0x000023bc   Number         0  daddsub_clz.o(x$fpl$dsub)
    _dsub1                                   0x000023cd   Thumb Code     0  daddsub_clz.o(x$fpl$dsub)
    x$fpl$f2d                                0x00002590   Section       86  f2d.o(x$fpl$f2d)
    $v0                                      0x00002590   Number         0  f2d.o(x$fpl$f2d)
    x$fpl$fnaninf                            0x000025e6   Section      140  fnaninf.o(x$fpl$fnaninf)
    $v0                                      0x000025e6   Number         0  fnaninf.o(x$fpl$fnaninf)
    x$fpl$fpinit                             0x00002672   Section       10  fpinit.o(x$fpl$fpinit)
    $v0                                      0x00002672   Number         0  fpinit.o(x$fpl$fpinit)
    x$fpl$fretinf                            0x0000267c   Section       10  fretinf.o(x$fpl$fretinf)
    $v0                                      0x0000267c   Number         0  fretinf.o(x$fpl$fretinf)
    x$fpl$printf1                            0x00002686   Section        4  printf1.o(x$fpl$printf1)
    $v0                                      0x00002686   Number         0  printf1.o(x$fpl$printf1)
    x$fpl$usenofp                            0x0000268a   Section        0  usenofp.o(x$fpl$usenofp)
    .constdata                               0x0000268c   Section      148  bigflt0.o(.constdata)
    tenpwrs_x                                0x0000268c   Data          60  bigflt0.o(.constdata)
    tenpwrs_i                                0x000026c8   Data          64  bigflt0.o(.constdata)
    locale$$data                             0x00002740   Section       28  lc_numeric_c.o(locale$$data)
    __lcnum_c_name                           0x00002744   Data           2  lc_numeric_c.o(locale$$data)
    __lcnum_c_start                          0x0000274c   Data           0  lc_numeric_c.o(locale$$data)
    __lcnum_c_point                          0x00002758   Data           0  lc_numeric_c.o(locale$$data)
    __lcnum_c_thousands                      0x0000275a   Data           0  lc_numeric_c.o(locale$$data)
    __lcnum_c_grouping                       0x0000275b   Data           0  lc_numeric_c.o(locale$$data)
    __lcnum_c_end                            0x0000275c   Data           0  lc_numeric_c.o(locale$$data)
    .data                                    0x20000000   Section        4  pwm.o(.data)
    PWMTick                                  0x20000000   Data           4  pwm.o(.data)
    .data                                    0x20000004   Section       20  camera.o(.data)
    .data                                    0x20000018   Section       16  steering.o(.data)
    .bss                                     0x20000028   Section      356  camera.o(.bss)
    .bss                                     0x2000018c   Section      256  steering.o(.bss)
    .bss                                     0x2000028c   Section       96  libspace.o(.bss)
    HEAP                                     0x200002f0   Section        0  startup_mk64f12.o(HEAP)
    STACK                                    0x200002f0   Section     1024  startup_mk64f12.o(STACK)
    Heap_Mem                                 0x200002f0   Data           0  startup_mk64f12.o(HEAP)
    Stack_Mem                                0x200002f0   Data        1024  startup_mk64f12.o(STACK)
    __initial_sp                             0x200006f0   Data           0  startup_mk64f12.o(STACK)

    Global Symbols

    Symbol Name                              Value     Ov Type        Size  Object(Section)

    BuildAttributes$$THM_ISAv4$E$P$D$K$B$S$7EM$VFPi3$EXTD16$VFPS$VFMA$PE$A:L22UL41UL21$X:L11$S22US41US21$IEEE1$IW$USESV6$~STKCKD$USESV7$~SHL$OTIME$ROPI$IEEEJ$EBA8$UX$STANDARDLIB$REQ8$PRES8$EABIv2 0x00000000   Number         0  anon$$obj.o ABSOLUTE
    __ARM_use_no_argv                        0x00000000   Number         0  main_template_lab6.o ABSOLUTE
    __Vectors                                0x00000000   Data           4  startup_mk64f12.o(RESET)
    __ARM_exceptions_init                     - Undefined Weak Reference
    __alloca_initialize                       - Undefined Weak Reference
    __arm_preinit_                            - Undefined Weak Reference
    __cpp_initialize__aeabi_                  - Undefined Weak Reference
    __cxa_finalize                            - Undefined Weak Reference
    __sigvec_lookup                           - Undefined Weak Reference
    _atexit_init                              - Undefined Weak Reference
    _call_atexit_fns                          - Undefined Weak Reference
    _clock_init                               - Undefined Weak Reference
    _fp_trap_init                             - Undefined Weak Reference
    _fp_trap_shutdown                         - Undefined Weak Reference
    _get_lc_collate                           - Undefined Weak Reference
    _get_lc_ctype                             - Undefined Weak Reference
    _get_lc_monetary                          - Undefined Weak Reference
    _get_lc_time                              - Undefined Weak Reference
    _getenv_init                              - Undefined Weak Reference
    _handle_redirection                       - Undefined Weak Reference
    _init_alloc                               - Undefined Weak Reference
    _init_user_alloc                          - Undefined Weak Reference
    _initio                                   - Undefined Weak Reference
    _printf_post_padding                      - Undefined Weak Reference
    _printf_pre_padding                       - Undefined Weak Reference
    _printf_truncate_signed                   - Undefined Weak Reference
    _printf_truncate_unsigned                 - Undefined Weak Reference
    _rand_init                                - Undefined Weak Reference
    _signal_finish                            - Undefined Weak Reference
    _signal_init                              - Undefined Weak Reference
    _terminate_alloc                          - Undefined Weak Reference
    _terminate_user_alloc                     - Undefined Weak Reference
    _terminateio                              - Undefined Weak Reference
    __Vectors_End                            0x00000400   Data           0  startup_mk64f12.o(RESET)
    __Vectors_Size                           0x00000400   Number         0  startup_mk64f12.o ABSOLUTE
    __main                                   0x00000411   Thumb Code     8  __main.o(!!!main)
    __scatterload                            0x00000419   Thumb Code     0  __scatter.o(!!!scatter)
    __scatterload_rt2                        0x00000419   Thumb Code    44  __scatter.o(!!!scatter)
    __scatterload_rt2_thumb_only             0x00000419   Thumb Code     0  __scatter.o(!!!scatter)
    __scatterload_null                       0x00000427   Thumb Code     0  __scatter.o(!!!scatter)
    __scatterload_copy                       0x0000044d   Thumb Code    26  __scatter_copy.o(!!handler_copy)
    __scatterload_zeroinit                   0x00000469   Thumb Code    28  __scatter_zi.o(!!handler_zi)
    _printf_f                                0x00000485   Thumb Code     0  _printf_f.o(.ARM.Collect$$_printf_percent$$00000003)
    _printf_percent                          0x00000485   Thumb Code     0  _printf_percent.o(.ARM.Collect$$_printf_percent$$00000000)
    _printf_percent_end                      0x0000048b   Thumb Code     0  _printf_percent_end.o(.ARM.Collect$$_printf_percent$$00000017)
    __rt_lib_init                            0x0000048f   Thumb Code     0  libinit.o(.ARM.Collect$$libinit$$00000000)
    __rt_lib_init_fp_1                       0x00000491   Thumb Code     0  libinit2.o(.ARM.Collect$$libinit$$00000001)
    __rt_lib_init_heap_1                     0x00000495   Thumb Code     0  libinit2.o(.ARM.Collect$$libinit$$0000000A)
    __rt_lib_init_lc_common                  0x00000495   Thumb Code     0  libinit2.o(.ARM.Collect$$libinit$$0000000F)
    __rt_lib_init_preinit_1                  0x00000495   Thumb Code     0  libinit2.o(.ARM.Collect$$libinit$$00000004)
    __rt_lib_init_rand_1                     0x00000495   Thumb Code     0  libinit2.o(.ARM.Collect$$libinit$$0000000E)
    __rt_lib_init_user_alloc_1               0x00000495   Thumb Code     0  libinit2.o(.ARM.Collect$$libinit$$0000000C)
    __rt_lib_init_lc_collate_1               0x0000049b   Thumb Code     0  libinit2.o(.ARM.Collect$$libinit$$00000011)
    __rt_lib_init_lc_ctype_1                 0x0000049b   Thumb Code     0  libinit2.o(.ARM.Collect$$libinit$$00000013)
    __rt_lib_init_lc_monetary_1              0x0000049b   Thumb Code     0  libinit2.o(.ARM.Collect$$libinit$$00000015)
    __rt_lib_init_lc_numeric_2               0x0000049b   Thumb Code     0  libinit2.o(.ARM.Collect$$libinit$$00000016)
    __rt_lib_init_alloca_1                   0x000004a5   Thumb Code     0  libinit2.o(.ARM.Collect$$libinit$$0000002E)
    __rt_lib_init_argv_1                     0x000004a5   Thumb Code     0  libinit2.o(.ARM.Collect$$libinit$$0000002C)
    __rt_lib_init_atexit_1                   0x000004a5   Thumb Code     0  libinit2.o(.ARM.Collect$$libinit$$0000001B)
    __rt_lib_init_clock_1                    0x000004a5   Thumb Code     0  libinit2.o(.ARM.Collect$$libinit$$00000021)
    __rt_lib_init_cpp_1                      0x000004a5   Thumb Code     0  libinit2.o(.ARM.Collect$$libinit$$00000032)
    __rt_lib_init_exceptions_1               0x000004a5   Thumb Code     0  libinit2.o(.ARM.Collect$$libinit$$00000030)
    __rt_lib_init_fp_trap_1                  0x000004a5   Thumb Code     0  libinit2.o(.ARM.Collect$$libinit$$0000001F)
    __rt_lib_init_getenv_1                   0x000004a5   Thumb Code     0  libinit2.o(.ARM.Collect$$libinit$$00000023)
    __rt_lib_init_lc_numeric_1               0x000004a5   Thumb Code     0  libinit2.o(.ARM.Collect$$libinit$$00000017)
    __rt_lib_init_lc_time_1                  0x000004a5   Thumb Code     0  libinit2.o(.ARM.Collect$$libinit$$00000019)
    __rt_lib_init_return                     0x000004a5   Thumb Code     0  libinit2.o(.ARM.Collect$$libinit$$00000033)
    __rt_lib_init_signal_1                   0x000004a5   Thumb Code     0  libinit2.o(.ARM.Collect$$libinit$$0000001D)
    __rt_lib_init_stdio_1                    0x000004a5   Thumb Code     0  libinit2.o(.ARM.Collect$$libinit$$00000025)
    __rt_lib_shutdown                        0x000004a7   Thumb Code     0  libshutdown.o(.ARM.Collect$$libshutdown$$00000000)
    __rt_lib_shutdown_cpp_1                  0x000004a9   Thumb Code     0  libshutdown2.o(.ARM.Collect$$libshutdown$$00000002)
    __rt_lib_shutdown_fp_trap_1              0x000004a9   Thumb Code     0  libshutdown2.o(.ARM.Collect$$libshutdown$$00000007)
    __rt_lib_shutdown_heap_1                 0x000004a9   Thumb Code     0  libshutdown2.o(.ARM.Collect$$libshutdown$$0000000F)
    __rt_lib_shutdown_return                 0x000004a9   Thumb Code     0  libshutdown2.o(.ARM.Collect$$libshutdown$$00000010)
    __rt_lib_shutdown_signal_1               0x000004a9   Thumb Code     0  libshutdown2.o(.ARM.Collect$$libshutdown$$0000000A)
    __rt_lib_shutdown_stdio_1                0x000004a9   Thumb Code     0  libshutdown2.o(.ARM.Collect$$libshutdown$$00000004)
    __rt_lib_shutdown_user_alloc_1           0x000004a9   Thumb Code     0  libshutdown2.o(.ARM.Collect$$libshutdown$$0000000C)
    __rt_entry                               0x000004ab   Thumb Code     0  __rtentry.o(.ARM.Collect$$rtentry$$00000000)
    __rt_entry_presh_1                       0x000004ab   Thumb Code     0  __rtentry2.o(.ARM.Collect$$rtentry$$00000002)
    __rt_entry_sh                            0x000004ab   Thumb Code     0  __rtentry4.o(.ARM.Collect$$rtentry$$00000004)
    __rt_entry_li                            0x000004b1   Thumb Code     0  __rtentry2.o(.ARM.Collect$$rtentry$$0000000A)
    __rt_entry_postsh_1                      0x000004b1   Thumb Code     0  __rtentry2.o(.ARM.Collect$$rtentry$$00000009)
    __rt_entry_main                          0x000004b5   Thumb Code     0  __rtentry2.o(.ARM.Collect$$rtentry$$0000000D)
    __rt_entry_postli_1                      0x000004b5   Thumb Code     0  __rtentry2.o(.ARM.Collect$$rtentry$$0000000C)
    __rt_exit                                0x000004bd   Thumb Code     0  rtexit.o(.ARM.Collect$$rtexit$$00000000)
    __rt_exit_ls                             0x000004bf   Thumb Code     0  rtexit2.o(.ARM.Collect$$rtexit$$00000003)
    __rt_exit_prels_1                        0x000004bf   Thumb Code     0  rtexit2.o(.ARM.Collect$$rtexit$$00000002)
    __rt_exit_exit                           0x000004c3   Thumb Code     0  rtexit2.o(.ARM.Collect$$rtexit$$00000004)
    init_data_bss                            0x000004c9   Thumb Code     2  startup_mk64f12.o(.text)
    Reset_Handler                            0x000004cb   Thumb Code    12  startup_mk64f12.o(.text)
    NMI_Handler                              0x000004d7   Thumb Code     2  startup_mk64f12.o(.text)
    HardFault_Handler                        0x000004d9   Thumb Code     2  startup_mk64f12.o(.text)
    MemManage_Handler                        0x000004db   Thumb Code     2  startup_mk64f12.o(.text)
    BusFault_Handler                         0x000004dd   Thumb Code     2  startup_mk64f12.o(.text)
    UsageFault_Handler                       0x000004df   Thumb Code     2  startup_mk64f12.o(.text)
    SVC_Handler                              0x000004e1   Thumb Code     2  startup_mk64f12.o(.text)
    DebugMon_Handler                         0x000004e3   Thumb Code     2  startup_mk64f12.o(.text)
    PendSV_Handler                           0x000004e5   Thumb Code     2  startup_mk64f12.o(.text)
    SysTick_Handler                          0x000004e7   Thumb Code     2  startup_mk64f12.o(.text)
    ADC1_IRQHandler                          0x000004e9   Thumb Code     0  startup_mk64f12.o(.text)
    CAN0_Bus_Off_IRQHandler                  0x000004e9   Thumb Code     0  startup_mk64f12.o(.text)
    CAN0_Error_IRQHandler                    0x000004e9   Thumb Code     0  startup_mk64f12.o(.text)
    CAN0_ORed_Message_buffer_IRQHandler      0x000004e9   Thumb Code     0  startup_mk64f12.o(.text)
    CAN0_Rx_Warning_IRQHandler               0x000004e9   Thumb Code     0  startup_mk64f12.o(.text)
    CAN0_Tx_Warning_IRQHandler               0x000004e9   Thumb Code     0  startup_mk64f12.o(.text)
    CAN0_Wake_Up_IRQHandler                  0x000004e9   Thumb Code     0  startup_mk64f12.o(.text)
    CMP0_IRQHandler                          0x000004e9   Thumb Code     0  startup_mk64f12.o(.text)
    CMP1_IRQHandler                          0x000004e9   Thumb Code     0  startup_mk64f12.o(.text)
    CMP2_IRQHandler                          0x000004e9   Thumb Code     0  startup_mk64f12.o(.text)
    CMT_IRQHandler                           0x000004e9   Thumb Code     0  startup_mk64f12.o(.text)
    DAC0_IRQHandler                          0x000004e9   Thumb Code     0  startup_mk64f12.o(.text)
    DAC1_IRQHandler                          0x000004e9   Thumb Code     0  startup_mk64f12.o(.text)
    DMA0_IRQHandler                          0x000004e9   Thumb Code     0  startup_mk64f12.o(.text)
    DMA10_IRQHandler                         0x000004e9   Thumb Code     0  startup_mk64f12.o(.text)
    DMA11_IRQHandler                         0x000004e9   Thumb Code     0  startup_mk64f12.o(.text)
    DMA12_IRQHandler                         0x000004e9   Thumb Code     0  startup_mk64f12.o(.text)
    DMA13_IRQHandler                         0x000004e9   Thumb Code     0  startup_mk64f12.o(.text)
    DMA14_IRQHandler                         0x000004e9   Thumb Code     0  startup_mk64f12.o(.text)
    DMA15_IRQHandler                         0x000004e9   Thumb Code     0  startup_mk64f12.o(.text)
    DMA1_IRQHandler                          0x000004e9   Thumb Code     0  startup_mk64f12.o(.text)
    DMA2_IRQHandler                          0x000004e9   Thumb Code     0  startup_mk64f12.o(.text)
    DMA3_IRQHandler                          0x000004e9   Thumb Code     0  startup_mk64f12.o(.text)
    DMA4_IRQHandler                          0x000004e9   Thumb Code     0  startup_mk64f12.o(.text)
    DMA5_IRQHandler                          0x000004e9   Thumb Code     0  startup_mk64f12.o(.text)
    DMA6_IRQHandler                          0x000004e9   Thumb Code     0  startup_mk64f12.o(.text)
    DMA7_IRQHandler                          0x000004e9   Thumb Code     0  startup_mk64f12.o(.text)
    DMA8_IRQHandler                          0x000004e9   Thumb Code     0  startup_mk64f12.o(.text)
    DMA9_IRQHandler                          0x000004e9   Thumb Code     0  startup_mk64f12.o(.text)
    DMA_Error_IRQHandler                     0x000004e9   Thumb Code     0  startup_mk64f12.o(.text)
    DefaultISR                               0x000004e9   Thumb Code     0  startup_mk64f12.o(.text)
    ENET_1588_Timer_IRQHandler               0x000004e9   Thumb Code     0  startup_mk64f12.o(.text)
    ENET_Error_IRQHandler                    0x000004e9   Thumb Code     0  startup_mk64f12.o(.text)
    ENET_Receive_IRQHandler                  0x000004e9   Thumb Code     0  startup_mk64f12.o(.text)
    ENET_Transmit_IRQHandler                 0x000004e9   Thumb Code     0  startup_mk64f12.o(.text)
    FTFE_IRQHandler                          0x000004e9   Thumb Code     0  startup_mk64f12.o(.text)
    FTM1_IRQHandler                          0x000004e9   Thumb Code     0  startup_mk64f12.o(.text)
    I2C0_IRQHandler                          0x000004e9   Thumb Code     0  startup_mk64f12.o(.text)
    I2C1_IRQHandler                          0x000004e9   Thumb Code     0  startup_mk64f12.o(.text)
    I2C2_IRQHandler                          0x000004e9   Thumb Code     0  startup_mk64f12.o(.text)
    I2S0_Rx_IRQHandler                       0x000004e9   Thumb Code     0  startup_mk64f12.o(.text)
    I2S0_Tx_IRQHandler                       0x000004e9   Thumb Code     0  startup_mk64f12.o(.text)
    LLW_IRQHandler                           0x000004e9   Thumb Code     0  startup_mk64f12.o(.text)
    LPTimer_IRQHandler                       0x000004e9   Thumb Code     0  startup_mk64f12.o(.text)
    LVD_LVW_IRQHandler                       0x000004e9   Thumb Code     0  startup_mk64f12.o(.text)
    MCG_IRQHandler                           0x000004e9   Thumb Code     0  startup_mk64f12.o(.text)
    MCM_IRQHandler                           0x000004e9   Thumb Code     0  startup_mk64f12.o(.text)
    PDB0_IRQHandler                          0x000004e9   Thumb Code     0  startup_mk64f12.o(.text)
    PIT1_IRQHandler                          0x000004e9   Thumb Code     0  startup_mk64f12.o(.text)
    PIT2_IRQHandler                          0x000004e9   Thumb Code     0  startup_mk64f12.o(.text)
    PIT3_IRQHandler                          0x000004e9   Thumb Code     0  startup_mk64f12.o(.text)
    PORTA_IRQHandler                         0x000004e9   Thumb Code     0  startup_mk64f12.o(.text)
    PORTB_IRQHandler                         0x000004e9   Thumb Code     0  startup_mk64f12.o(.text)
    PORTC_IRQHandler                         0x000004e9   Thumb Code     0  startup_mk64f12.o(.text)
    PORTD_IRQHandler                         0x000004e9   Thumb Code     0  startup_mk64f12.o(.text)
    PORTE_IRQHandler                         0x000004e9   Thumb Code     0  startup_mk64f12.o(.text)
    RNG_IRQHandler                           0x000004e9   Thumb Code     0  startup_mk64f12.o(.text)
    RTC_IRQHandler                           0x000004e9   Thumb Code     0  startup_mk64f12.o(.text)
    RTC_Seconds_IRQHandler                   0x000004e9   Thumb Code     0  startup_mk64f12.o(.text)
    Read_Collision_IRQHandler                0x000004e9   Thumb Code     0  startup_mk64f12.o(.text)
    Reserved71_IRQHandler                    0x000004e9   Thumb Code     0  startup_mk64f12.o(.text)
    SDHC_IRQHandler                          0x000004e9   Thumb Code     0  startup_mk64f12.o(.text)
    SPI0_IRQHandler                          0x000004e9   Thumb Code     0  startup_mk64f12.o(.text)
    SPI1_IRQHandler                          0x000004e9   Thumb Code     0  startup_mk64f12.o(.text)
    SPI2_IRQHandler                          0x000004e9   Thumb Code     0  startup_mk64f12.o(.text)
    SWI_IRQHandler                           0x000004e9   Thumb Code     0  startup_mk64f12.o(.text)
    UART0_ERR_IRQHandler                     0x000004e9   Thumb Code     0  startup_mk64f12.o(.text)
    UART0_LON_IRQHandler                     0x000004e9   Thumb Code     0  startup_mk64f12.o(.text)
    UART0_RX_TX_IRQHandler                   0x000004e9   Thumb Code     0  startup_mk64f12.o(.text)
    UART1_ERR_IRQHandler                     0x000004e9   Thumb Code     0  startup_mk64f12.o(.text)
    UART1_RX_TX_IRQHandler                   0x000004e9   Thumb Code     0  startup_mk64f12.o(.text)
    UART2_ERR_IRQHandler                     0x000004e9   Thumb Code     0  startup_mk64f12.o(.text)
    UART2_RX_TX_IRQHandler                   0x000004e9   Thumb Code     0  startup_mk64f12.o(.text)
    UART3_ERR_IRQHandler                     0x000004e9   Thumb Code     0  startup_mk64f12.o(.text)
    UART3_RX_TX_IRQHandler                   0x000004e9   Thumb Code     0  startup_mk64f12.o(.text)
    UART4_ERR_IRQHandler                     0x000004e9   Thumb Code     0  startup_mk64f12.o(.text)
    UART4_RX_TX_IRQHandler                   0x000004e9   Thumb Code     0  startup_mk64f12.o(.text)
    UART5_ERR_IRQHandler                     0x000004e9   Thumb Code     0  startup_mk64f12.o(.text)
    UART5_RX_TX_IRQHandler                   0x000004e9   Thumb Code     0  startup_mk64f12.o(.text)
    USB0_IRQHandler                          0x000004e9   Thumb Code     0  startup_mk64f12.o(.text)
    USBDCD_IRQHandler                        0x000004e9   Thumb Code     0  startup_mk64f12.o(.text)
    Watchdog_IRQHandler                      0x000004e9   Thumb Code     0  startup_mk64f12.o(.text)
    __user_initial_stackheap                 0x000004ed   Thumb Code     0  startup_mk64f12.o(.text)
    __2sprintf                               0x00000511   Thumb Code    34  noretval__2sprintf.o(.text)
    __printf                                 0x00000539   Thumb Code   104  __printf.o(.text)
    __aeabi_memcpy                           0x000005a1   Thumb Code     0  rt_memcpy_v6.o(.text)
    __rt_memcpy                              0x000005a1   Thumb Code   138  rt_memcpy_v6.o(.text)
    _memcpy_lastbytes                        0x00000607   Thumb Code     0  rt_memcpy_v6.o(.text)
    __use_two_region_memory                  0x0000062b   Thumb Code     2  heapauxi.o(.text)
    __rt_heap_escrow$2region                 0x0000062d   Thumb Code     2  heapauxi.o(.text)
    __rt_heap_expand$2region                 0x0000062f   Thumb Code     2  heapauxi.o(.text)
    __lib_sel_fp_printf                      0x00000631   Thumb Code     2  _printf_fp_dec.o(.text)
    _printf_fp_dec_real                      0x000007e3   Thumb Code   620  _printf_fp_dec.o(.text)
    _printf_char_common                      0x00000a5b   Thumb Code    32  _printf_char_common.o(.text)
    _sputc                                   0x00000a81   Thumb Code    10  _sputc.o(.text)
    __aeabi_memcpy4                          0x00000a8b   Thumb Code     0  rt_memcpy_w.o(.text)
    __aeabi_memcpy8                          0x00000a8b   Thumb Code     0  rt_memcpy_w.o(.text)
    __rt_memcpy_w                            0x00000a8b   Thumb Code   100  rt_memcpy_w.o(.text)
    _memcpy_lastbytes_aligned                0x00000ad3   Thumb Code     0  rt_memcpy_w.o(.text)
    __rt_locale                              0x00000af1   Thumb Code     8  rt_locale_intlibspace.o(.text)
    _ll_udiv10                               0x00000af9   Thumb Code   138  lludiv10.o(.text)
    _printf_fp_infnan                        0x00000b85   Thumb Code   112  _printf_fp_infnan.o(.text)
    _btod_etento                             0x00000c05   Thumb Code   224  bigflt0.o(.text)
    __user_libspace                          0x00000ce9   Thumb Code     8  libspace.o(.text)
    __user_perproc_libspace                  0x00000ce9   Thumb Code     0  libspace.o(.text)
    __user_perthread_libspace                0x00000ce9   Thumb Code     0  libspace.o(.text)
    __user_setup_stackheap                   0x00000cf1   Thumb Code    74  sys_stackheap_outer.o(.text)
    exit                                     0x00000d3b   Thumb Code    18  exit.o(.text)
    strcmp                                   0x00000d4d   Thumb Code   128  strcmpv7m.o(.text)
    _sys_exit                                0x00000dcd   Thumb Code     8  sys_exit.o(.text)
    __I$use$semihosting                      0x00000dd9   Thumb Code     0  use_no_semi.o(.text)
    __use_no_semihosting_swi                 0x00000dd9   Thumb Code     2  use_no_semi.o(.text)
    __semihosting_library_function           0x00000ddb   Thumb Code     0  indicate_semi.o(.text)
    _btod_d2e                                0x00000ddb   Thumb Code    62  btod.o(CL$$btod_d2e)
    _d2e_denorm_low                          0x00000e19   Thumb Code    70  btod.o(CL$$btod_d2e_denorm_low)
    _d2e_norm_op1                            0x00000e5f   Thumb Code    96  btod.o(CL$$btod_d2e_norm_op1)
    __btod_div_common                        0x00000ebf   Thumb Code   696  btod.o(CL$$btod_div_common)
    _e2e                                     0x000011f7   Thumb Code   220  btod.o(CL$$btod_e2e)
    _btod_ediv                               0x000012d3   Thumb Code    42  btod.o(CL$$btod_ediv)
    _btod_emul                               0x000012fd   Thumb Code    42  btod.o(CL$$btod_emul)
    __btod_mult_common                       0x00001327   Thumb Code   580  btod.o(CL$$btod_mult_common)
    ADC0_IRQHandler                          0x0000156d   Thumb Code    10  camera.o(i.ADC0_IRQHandler)
    FTM0_IRQHandler                          0x00001581   Thumb Code    32  pwm.o(i.FTM0_IRQHandler)
    FTM2_IRQHandler                          0x000015a9   Thumb Code   198  camera.o(i.FTM2_IRQHandler)
    FTM3_IRQHandler                          0x00001689   Thumb Code    32  pwm.o(i.FTM3_IRQHandler)
    InitPWM                                  0x000016b1   Thumb Code   150  pwm.o(i.InitPWM)
    InitServoPWM                             0x00001755   Thumb Code    84  pwm.o(i.InitServoPWM)
    PIT0_IRQHandler                          0x000017b5   Thumb Code    30  camera.o(i.PIT0_IRQHandler)
    SetDutyCycle                             0x000017dd   Thumb Code    88  pwm.o(i.SetDutyCycle)
    SetServoDutyCycle                        0x0000183d   Thumb Code    36  pwm.o(i.SetServoDutyCycle)
    Steer                                    0x00001869   Thumb Code   394  steering.o(i.Steer)
    SystemInit                               0x00001a4d   Thumb Code   136  system_mk64f12.o(i.SystemInit)
    __ARM_fpclassify                         0x00001aed   Thumb Code    48  fpclassify.o(i.__ARM_fpclassify)
    getLine                                  0x00001b39   Thumb Code    28  camera.o(i.getLine)
    initADC0                                 0x00001b5d   Thumb Code   172  camera.o(i.initADC0)
    initCamera                               0x00001c11   Thumb Code    20  camera.o(i.initCamera)
    initFTM2                                 0x00001c25   Thumb Code   126  camera.o(i.initFTM2)
    initGPIO                                 0x00001cad   Thumb Code    58  camera.o(i.initGPIO)
    initPIT                                  0x00001cf9   Thumb Code    94  camera.o(i.initPIT)
    initialize                               0x00001d69   Thumb Code    16  main_template_lab6.o(i.initialize)
    main                                     0x00001d79   Thumb Code    30  main_template_lab6.o(i.main)
    motor_shield_init                        0x00001d99   Thumb Code    46  main_template_lab6.o(i.motor_shield_init)
    put                                      0x00001dd5   Thumb Code    22  uart.o(i.put)
    steeringFunction                         0x00001ded   Thumb Code   216  steering.o(i.steeringFunction)
    uart_putchar                             0x00001ecd   Thumb Code    20  uart.o(i.uart_putchar)
    _get_lc_numeric                          0x00001ee5   Thumb Code    44  lc_numeric_c.o(locale$$code)
    __aeabi_d2f                              0x00001f11   Thumb Code     0  d2f.o(x$fpl$d2f)
    _d2f                                     0x00001f11   Thumb Code    98  d2f.o(x$fpl$d2f)
    __aeabi_dadd                             0x00001f75   Thumb Code     0  daddsub_clz.o(x$fpl$dadd)
    _dadd                                    0x00001f75   Thumb Code   332  daddsub_clz.o(x$fpl$dadd)
    __fpl_dcmp_Inf                           0x000020c5   Thumb Code    24  dcmpi.o(x$fpl$dcmpinf)
    __aeabi_cdcmple                          0x000020dd   Thumb Code     0  dleqf.o(x$fpl$dleqf)
    _dcmple                                  0x000020dd   Thumb Code   120  dleqf.o(x$fpl$dleqf)
    __fpl_dcmple_InfNaN                      0x0000213f   Thumb Code     0  dleqf.o(x$fpl$dleqf)
    __aeabi_dmul                             0x00002155   Thumb Code     0  dmul.o(x$fpl$dmul)
    _dmul                                    0x00002155   Thumb Code   332  dmul.o(x$fpl$dmul)
    __fpl_dnaninf                            0x000022a9   Thumb Code   156  dnaninf.o(x$fpl$dnaninf)
    __fpl_dretinf                            0x00002345   Thumb Code    12  dretinf.o(x$fpl$dretinf)
    __aeabi_cdrcmple                         0x00002351   Thumb Code     0  drleqf.o(x$fpl$drleqf)
    _drcmple                                 0x00002351   Thumb Code   108  drleqf.o(x$fpl$drleqf)
    __aeabi_dsub                             0x000023bd   Thumb Code     0  daddsub_clz.o(x$fpl$dsub)
    _dsub                                    0x000023bd   Thumb Code   464  daddsub_clz.o(x$fpl$dsub)
    __aeabi_f2d                              0x00002591   Thumb Code     0  f2d.o(x$fpl$f2d)
    _f2d                                     0x00002591   Thumb Code    86  f2d.o(x$fpl$f2d)
    __fpl_fnaninf                            0x000025e7   Thumb Code   140  fnaninf.o(x$fpl$fnaninf)
    _fp_init                                 0x00002673   Thumb Code    10  fpinit.o(x$fpl$fpinit)
    __fplib_config_fpu_vfp                   0x0000267b   Thumb Code     0  fpinit.o(x$fpl$fpinit)
    __fplib_config_pureend_doubles           0x0000267b   Thumb Code     0  fpinit.o(x$fpl$fpinit)
    __fpl_fretinf                            0x0000267d   Thumb Code    10  fretinf.o(x$fpl$fretinf)
    _printf_fp_dec                           0x00002687   Thumb Code     4  printf1.o(x$fpl$printf1)
    __I$use$fp                               0x0000268a   Number         0  usenofp.o(x$fpl$usenofp)
    Region$$Table$$Base                      0x00002720   Number         0  anon$$obj.o(Region$$Table)
    Region$$Table$$Limit                     0x00002740   Number         0  anon$$obj.o(Region$$Table)
    debugcamdata                             0x20000004   Data           4  camera.o(.data)
    capcnt                                   0x20000008   Data           4  camera.o(.data)
    ADC0VAL                                  0x2000000c   Data           2  camera.o(.data)
    pixcnt                                   0x20000010   Data           4  camera.o(.data)
    lineready                                0x20000014   Data           4  camera.o(.data)
    maxValue                                 0x20000018   Data           4  steering.o(.data)
    left                                     0x2000001c   Data           4  steering.o(.data)
    steeringDebug                            0x20000020   Data           4  steering.o(.data)
    freq                                     0x20000024   Data           2  steering.o(.data)
    dir                                      0x20000026   Data           2  steering.o(.data)
    str                                      0x20000028   Data         100  camera.o(.bss)
    line                                     0x2000008c   Data         256  camera.o(.bss)
    scaledLine                               0x2000018c   Data         256  steering.o(.bss)
    __libspace_start                         0x2000028c   Data          96  libspace.o(.bss)
    __temporary_stack_top$libspace           0x200002ec   Data           0  libspace.o(.bss)



==============================================================================

Memory Map of the image

  Image Entry point : 0x00000411

  Load Region LR_IROM1 (Base: 0x00000000, Size: 0x00002784, Max: 0x00080000, ABSOLUTE)

    Execution Region ER_IROM1 (Exec base: 0x00000000, Load base: 0x00000000, Size: 0x0000275c, Max: 0x00080000, ABSOLUTE)

    Exec Addr    Load Addr    Size         Type   Attr      Idx    E Section Name        Object

    0x00000000   0x00000000   0x00000400   Data   RO          355    RESET               startup_mk64f12.o
    0x00000400   0x00000400   0x00000010   Code   RO          356    .ARM.__at_0x400     startup_mk64f12.o
    0x00000410   0x00000410   0x00000008   Code   RO          444  * !!!main             c_w.l(__main.o)
    0x00000418   0x00000418   0x00000034   Code   RO          686    !!!scatter          c_w.l(__scatter.o)
    0x0000044c   0x0000044c   0x0000001a   Code   RO          688    !!handler_copy      c_w.l(__scatter_copy.o)
    0x00000466   0x00000466   0x00000002   PAD
    0x00000468   0x00000468   0x0000001c   Code   RO          690    !!handler_zi        c_w.l(__scatter_zi.o)
    0x00000484   0x00000484   0x00000000   Code   RO          439    .ARM.Collect$$_printf_percent$$00000000  c_w.l(_printf_percent.o)
    0x00000484   0x00000484   0x00000006   Code   RO          438    .ARM.Collect$$_printf_percent$$00000003  c_w.l(_printf_f.o)
    0x0000048a   0x0000048a   0x00000004   Code   RO          473    .ARM.Collect$$_printf_percent$$00000017  c_w.l(_printf_percent_end.o)
    0x0000048e   0x0000048e   0x00000002   Code   RO          559    .ARM.Collect$$libinit$$00000000  c_w.l(libinit.o)
    0x00000490   0x00000490   0x00000004   Code   RO          560    .ARM.Collect$$libinit$$00000001  c_w.l(libinit2.o)
    0x00000494   0x00000494   0x00000000   Code   RO          563    .ARM.Collect$$libinit$$00000004  c_w.l(libinit2.o)
    0x00000494   0x00000494   0x00000000   Code   RO          566    .ARM.Collect$$libinit$$0000000A  c_w.l(libinit2.o)
    0x00000494   0x00000494   0x00000000   Code   RO          568    .ARM.Collect$$libinit$$0000000C  c_w.l(libinit2.o)
    0x00000494   0x00000494   0x00000000   Code   RO          570    .ARM.Collect$$libinit$$0000000E  c_w.l(libinit2.o)
    0x00000494   0x00000494   0x00000006   Code   RO          571    .ARM.Collect$$libinit$$0000000F  c_w.l(libinit2.o)
    0x0000049a   0x0000049a   0x00000000   Code   RO          573    .ARM.Collect$$libinit$$00000011  c_w.l(libinit2.o)
    0x0000049a   0x0000049a   0x00000000   Code   RO          575    .ARM.Collect$$libinit$$00000013  c_w.l(libinit2.o)
    0x0000049a   0x0000049a   0x00000000   Code   RO          577    .ARM.Collect$$libinit$$00000015  c_w.l(libinit2.o)
    0x0000049a   0x0000049a   0x0000000a   Code   RO          578    .ARM.Collect$$libinit$$00000016  c_w.l(libinit2.o)
    0x000004a4   0x000004a4   0x00000000   Code   RO          579    .ARM.Collect$$libinit$$00000017  c_w.l(libinit2.o)
    0x000004a4   0x000004a4   0x00000000   Code   RO          581    .ARM.Collect$$libinit$$00000019  c_w.l(libinit2.o)
    0x000004a4   0x000004a4   0x00000000   Code   RO          583    .ARM.Collect$$libinit$$0000001B  c_w.l(libinit2.o)
    0x000004a4   0x000004a4   0x00000000   Code   RO          585    .ARM.Collect$$libinit$$0000001D  c_w.l(libinit2.o)
    0x000004a4   0x000004a4   0x00000000   Code   RO          587    .ARM.Collect$$libinit$$0000001F  c_w.l(libinit2.o)
    0x000004a4   0x000004a4   0x00000000   Code   RO          589    .ARM.Collect$$libinit$$00000021  c_w.l(libinit2.o)
    0x000004a4   0x000004a4   0x00000000   Code   RO          591    .ARM.Collect$$libinit$$00000023  c_w.l(libinit2.o)
    0x000004a4   0x000004a4   0x00000000   Code   RO          593    .ARM.Collect$$libinit$$00000025  c_w.l(libinit2.o)
    0x000004a4   0x000004a4   0x00000000   Code   RO          597    .ARM.Collect$$libinit$$0000002C  c_w.l(libinit2.o)
    0x000004a4   0x000004a4   0x00000000   Code   RO          599    .ARM.Collect$$libinit$$0000002E  c_w.l(libinit2.o)
    0x000004a4   0x000004a4   0x00000000   Code   RO          601    .ARM.Collect$$libinit$$00000030  c_w.l(libinit2.o)
    0x000004a4   0x000004a4   0x00000000   Code   RO          603    .ARM.Collect$$libinit$$00000032  c_w.l(libinit2.o)
    0x000004a4   0x000004a4   0x00000002   Code   RO          604    .ARM.Collect$$libinit$$00000033  c_w.l(libinit2.o)
    0x000004a6   0x000004a6   0x00000002   Code   RO          634    .ARM.Collect$$libshutdown$$00000000  c_w.l(libshutdown.o)
    0x000004a8   0x000004a8   0x00000000   Code   RO          645    .ARM.Collect$$libshutdown$$00000002  c_w.l(libshutdown2.o)
    0x000004a8   0x000004a8   0x00000000   Code   RO          647    .ARM.Collect$$libshutdown$$00000004  c_w.l(libshutdown2.o)
    0x000004a8   0x000004a8   0x00000000   Code   RO          650    .ARM.Collect$$libshutdown$$00000007  c_w.l(libshutdown2.o)
    0x000004a8   0x000004a8   0x00000000   Code   RO          653    .ARM.Collect$$libshutdown$$0000000A  c_w.l(libshutdown2.o)
    0x000004a8   0x000004a8   0x00000000   Code   RO          655    .ARM.Collect$$libshutdown$$0000000C  c_w.l(libshutdown2.o)
    0x000004a8   0x000004a8   0x00000000   Code   RO          658    .ARM.Collect$$libshutdown$$0000000F  c_w.l(libshutdown2.o)
    0x000004a8   0x000004a8   0x00000002   Code   RO          659    .ARM.Collect$$libshutdown$$00000010  c_w.l(libshutdown2.o)
    0x000004aa   0x000004aa   0x00000000   Code   RO          464    .ARM.Collect$$rtentry$$00000000  c_w.l(__rtentry.o)
    0x000004aa   0x000004aa   0x00000000   Code   RO          488    .ARM.Collect$$rtentry$$00000002  c_w.l(__rtentry2.o)
    0x000004aa   0x000004aa   0x00000006   Code   RO          500    .ARM.Collect$$rtentry$$00000004  c_w.l(__rtentry4.o)
    0x000004b0   0x000004b0   0x00000000   Code   RO          490    .ARM.Collect$$rtentry$$00000009  c_w.l(__rtentry2.o)
    0x000004b0   0x000004b0   0x00000004   Code   RO          491    .ARM.Collect$$rtentry$$0000000A  c_w.l(__rtentry2.o)
    0x000004b4   0x000004b4   0x00000000   Code   RO          493    .ARM.Collect$$rtentry$$0000000C  c_w.l(__rtentry2.o)
    0x000004b4   0x000004b4   0x00000008   Code   RO          494    .ARM.Collect$$rtentry$$0000000D  c_w.l(__rtentry2.o)
    0x000004bc   0x000004bc   0x00000002   Code   RO          605    .ARM.Collect$$rtexit$$00000000  c_w.l(rtexit.o)
    0x000004be   0x000004be   0x00000000   Code   RO          612    .ARM.Collect$$rtexit$$00000002  c_w.l(rtexit2.o)
    0x000004be   0x000004be   0x00000004   Code   RO          613    .ARM.Collect$$rtexit$$00000003  c_w.l(rtexit2.o)
    0x000004c2   0x000004c2   0x00000006   Code   RO          614    .ARM.Collect$$rtexit$$00000004  c_w.l(rtexit2.o)
    0x000004c8   0x000004c8   0x00000048   Code   RO          357    .text               startup_mk64f12.o
    0x00000510   0x00000510   0x00000028   Code   RO          410    .text               c_w.l(noretval__2sprintf.o)
    0x00000538   0x00000538   0x00000068   Code   RO          412    .text               c_w.l(__printf.o)
    0x000005a0   0x000005a0   0x0000008a   Code   RO          440    .text               c_w.l(rt_memcpy_v6.o)
    0x0000062a   0x0000062a   0x00000006   Code   RO          442    .text               c_w.l(heapauxi.o)
    0x00000630   0x00000630   0x0000041e   Code   RO          467    .text               c_w.l(_printf_fp_dec.o)
    0x00000a4e   0x00000a4e   0x00000002   PAD
    0x00000a50   0x00000a50   0x00000030   Code   RO          469    .text               c_w.l(_printf_char_common.o)
    0x00000a80   0x00000a80   0x0000000a   Code   RO          471    .text               c_w.l(_sputc.o)
    0x00000a8a   0x00000a8a   0x00000064   Code   RO          474    .text               c_w.l(rt_memcpy_w.o)
    0x00000aee   0x00000aee   0x00000002   PAD
    0x00000af0   0x00000af0   0x00000008   Code   RO          505    .text               c_w.l(rt_locale_intlibspace.o)
    0x00000af8   0x00000af8   0x0000008a   Code   RO          507    .text               c_w.l(lludiv10.o)
    0x00000b82   0x00000b82   0x00000002   PAD
    0x00000b84   0x00000b84   0x00000080   Code   RO          509    .text               c_w.l(_printf_fp_infnan.o)
    0x00000c04   0x00000c04   0x000000e4   Code   RO          513    .text               c_w.l(bigflt0.o)
    0x00000ce8   0x00000ce8   0x00000008   Code   RO          545    .text               c_w.l(libspace.o)
    0x00000cf0   0x00000cf0   0x0000004a   Code   RO          548    .text               c_w.l(sys_stackheap_outer.o)
    0x00000d3a   0x00000d3a   0x00000012   Code   RO          550    .text               c_w.l(exit.o)
    0x00000d4c   0x00000d4c   0x00000080   Code   RO          552    .text               c_w.l(strcmpv7m.o)
    0x00000dcc   0x00000dcc   0x0000000c   Code   RO          624    .text               c_w.l(sys_exit.o)
    0x00000dd8   0x00000dd8   0x00000002   Code   RO          635    .text               c_w.l(use_no_semi.o)
    0x00000dda   0x00000dda   0x00000000   Code   RO          637    .text               c_w.l(indicate_semi.o)
    0x00000dda   0x00000dda   0x0000003e   Code   RO          516    CL$$btod_d2e        c_w.l(btod.o)
    0x00000e18   0x00000e18   0x00000046   Code   RO          518    CL$$btod_d2e_denorm_low  c_w.l(btod.o)
    0x00000e5e   0x00000e5e   0x00000060   Code   RO          517    CL$$btod_d2e_norm_op1  c_w.l(btod.o)
    0x00000ebe   0x00000ebe   0x00000338   Code   RO          526    CL$$btod_div_common  c_w.l(btod.o)
    0x000011f6   0x000011f6   0x000000dc   Code   RO          523    CL$$btod_e2e        c_w.l(btod.o)
    0x000012d2   0x000012d2   0x0000002a   Code   RO          520    CL$$btod_ediv       c_w.l(btod.o)
    0x000012fc   0x000012fc   0x0000002a   Code   RO          519    CL$$btod_emul       c_w.l(btod.o)
    0x00001326   0x00001326   0x00000244   Code   RO          525    CL$$btod_mult_common  c_w.l(btod.o)
    0x0000156a   0x0000156a   0x00000002   PAD
    0x0000156c   0x0000156c   0x00000014   Code   RO          228    i.ADC0_IRQHandler   camera.o
    0x00001580   0x00001580   0x00000028   Code   RO           99    i.FTM0_IRQHandler   pwm.o
    0x000015a8   0x000015a8   0x000000e0   Code   RO          229    i.FTM2_IRQHandler   camera.o
    0x00001688   0x00001688   0x00000028   Code   RO          100    i.FTM3_IRQHandler   pwm.o
    0x000016b0   0x000016b0   0x000000a4   Code   RO          101    i.InitPWM           pwm.o
    0x00001754   0x00001754   0x00000060   Code   RO          102    i.InitServoPWM      pwm.o
    0x000017b4   0x000017b4   0x00000028   Code   RO          230    i.PIT0_IRQHandler   camera.o
    0x000017dc   0x000017dc   0x00000060   Code   RO          103    i.SetDutyCycle      pwm.o
    0x0000183c   0x0000183c   0x0000002c   Code   RO          104    i.SetServoDutyCycle  pwm.o
    0x00001868   0x00001868   0x000001e4   Code   RO          319    i.Steer             steering.o
    0x00001a4c   0x00001a4c   0x000000a0   Code   RO          367    i.SystemInit        system_mk64f12.o
    0x00001aec   0x00001aec   0x00000030   Code   RO          543    i.__ARM_fpclassify  m_wm.l(fpclassify.o)
    0x00001b1c   0x00001b1c   0x0000001a   Code   RO          231    i.__NVIC_EnableIRQ  camera.o
    0x00001b36   0x00001b36   0x00000002   PAD
    0x00001b38   0x00001b38   0x00000024   Code   RO          233    i.getLine           camera.o
    0x00001b5c   0x00001b5c   0x000000b4   Code   RO          234    i.initADC0          camera.o
    0x00001c10   0x00001c10   0x00000014   Code   RO          235    i.initCamera        camera.o
    0x00001c24   0x00001c24   0x00000088   Code   RO          236    i.initFTM2          camera.o
    0x00001cac   0x00001cac   0x0000004c   Code   RO          237    i.initGPIO          camera.o
    0x00001cf8   0x00001cf8   0x00000070   Code   RO          238    i.initPIT           camera.o
    0x00001d68   0x00001d68   0x00000010   Code   RO            5    i.initialize        main_template_lab6.o
    0x00001d78   0x00001d78   0x0000001e   Code   RO            6    i.main              main_template_lab6.o
    0x00001d96   0x00001d96   0x00000002   PAD
    0x00001d98   0x00001d98   0x0000003c   Code   RO            7    i.motor_shield_init  main_template_lab6.o
    0x00001dd4   0x00001dd4   0x00000016   Code   RO          163    i.put               uart.o
    0x00001dea   0x00001dea   0x00000002   PAD
    0x00001dec   0x00001dec   0x000000e0   Code   RO          320    i.steeringFunction  steering.o
    0x00001ecc   0x00001ecc   0x00000018   Code   RO          167    i.uart_putchar      uart.o
    0x00001ee4   0x00001ee4   0x0000002c   Code   RO          539    locale$$code        c_w.l(lc_numeric_c.o)
    0x00001f10   0x00001f10   0x00000062   Code   RO          446    x$fpl$d2f           fz_wm.l(d2f.o)
    0x00001f72   0x00001f72   0x00000002   PAD
    0x00001f74   0x00001f74   0x00000150   Code   RO          448    x$fpl$dadd          fz_wm.l(daddsub_clz.o)
    0x000020c4   0x000020c4   0x00000018   Code   RO          476    x$fpl$dcmpinf       fz_wm.l(dcmpi.o)
    0x000020dc   0x000020dc   0x00000078   Code   RO          454    x$fpl$dleqf         fz_wm.l(dleqf.o)
    0x00002154   0x00002154   0x00000154   Code   RO          456    x$fpl$dmul          fz_wm.l(dmul.o)
    0x000022a8   0x000022a8   0x0000009c   Code   RO          478    x$fpl$dnaninf       fz_wm.l(dnaninf.o)
    0x00002344   0x00002344   0x0000000c   Code   RO          480    x$fpl$dretinf       fz_wm.l(dretinf.o)
    0x00002350   0x00002350   0x0000006c   Code   RO          458    x$fpl$drleqf        fz_wm.l(drleqf.o)
    0x000023bc   0x000023bc   0x000001d4   Code   RO          450    x$fpl$dsub          fz_wm.l(daddsub_clz.o)
    0x00002590   0x00002590   0x00000056   Code   RO          460    x$fpl$f2d           fz_wm.l(f2d.o)
    0x000025e6   0x000025e6   0x0000008c   Code   RO          482    x$fpl$fnaninf       fz_wm.l(fnaninf.o)
    0x00002672   0x00002672   0x0000000a   Code   RO          609    x$fpl$fpinit        fz_wm.l(fpinit.o)
    0x0000267c   0x0000267c   0x0000000a   Code   RO          484    x$fpl$fretinf       fz_wm.l(fretinf.o)
    0x00002686   0x00002686   0x00000004   Code   RO          462    x$fpl$printf1       fz_wm.l(printf1.o)
    0x0000268a   0x0000268a   0x00000000   Code   RO          486    x$fpl$usenofp       fz_wm.l(usenofp.o)
    0x0000268a   0x0000268a   0x00000002   PAD
    0x0000268c   0x0000268c   0x00000094   Data   RO          514    .constdata          c_w.l(bigflt0.o)
    0x00002720   0x00002720   0x00000020   Data   RO          684    Region$$Table       anon$$obj.o
    0x00002740   0x00002740   0x0000001c   Data   RO          538    locale$$data        c_w.l(lc_numeric_c.o)


    Execution Region RW_IRAM1 (Exec base: 0x20000000, Load base: 0x0000275c, Size: 0x000006f0, Max: 0x00020000, ABSOLUTE)

    Exec Addr    Load Addr    Size         Type   Attr      Idx    E Section Name        Object

    0x20000000   0x0000275c   0x00000004   Data   RW          105    .data               pwm.o
    0x20000004   0x00002760   0x00000014   Data   RW          240    .data               camera.o
    0x20000018   0x00002774   0x00000010   Data   RW          322    .data               steering.o
    0x20000028        -       0x00000164   Zero   RW          239    .bss                camera.o
    0x2000018c        -       0x00000100   Zero   RW          321    .bss                steering.o
    0x2000028c        -       0x00000060   Zero   RW          546    .bss                c_w.l(libspace.o)
    0x200002ec   0x00002784   0x00000004   PAD
    0x200002f0        -       0x00000000   Zero   RW          354    HEAP                startup_mk64f12.o
    0x200002f0        -       0x00000400   Zero   RW          353    STACK               startup_mk64f12.o


==============================================================================

Image component sizes


      Code (inc. data)   RO Data    RW Data    ZI Data      Debug   Object Name

       870        108          0         20        356      33587   camera.o
       106         14          0          0          0     351952   main_template_lab6.o
       480         58          0          4          0       3108   pwm.o
        88         44       1024          0       1024       1060   startup_mk64f12.o
       708         98          0         16        256       2409   steering.o
       160         24          0          0          0        525   system_mk64f12.o
        46          4          0          0          0        901   uart.o

    ----------------------------------------------------------------------
      2464        350       1056         40       1636     393542   Object Totals
         0          0         32          0          0          0   (incl. Generated)
         6          0          0          0          0          0   (incl. Padding)

    ----------------------------------------------------------------------

      Code (inc. data)   RO Data    RW Data    ZI Data      Debug   Library Member Name

         8          0          0          0          0         68   __main.o
       104          0          0          0          0         84   __printf.o
         0          0          0          0          0          0   __rtentry.o
        12          0          0          0          0          0   __rtentry2.o
         6          0          0          0          0          0   __rtentry4.o
        52          8          0          0          0          0   __scatter.o
        26          0          0          0          0          0   __scatter_copy.o
        28          0          0          0          0          0   __scatter_zi.o
        48          6          0          0          0         96   _printf_char_common.o
         6          0          0          0          0          0   _printf_f.o
      1054          0          0          0          0        216   _printf_fp_dec.o
       128         16          0          0          0         84   _printf_fp_infnan.o
         0          0          0          0          0          0   _printf_percent.o
         4          0          0          0          0          0   _printf_percent_end.o
        10          0          0          0          0         68   _sputc.o
       228          4        148          0          0         96   bigflt0.o
      1936        128          0          0          0        672   btod.o
        18          0          0          0          0         80   exit.o
         6          0          0          0          0        152   heapauxi.o
         0          0          0          0          0          0   indicate_semi.o
        44         10         28          0          0         76   lc_numeric_c.o
         2          0          0          0          0          0   libinit.o
        22          0          0          0          0          0   libinit2.o
         2          0          0          0          0          0   libshutdown.o
         2          0          0          0          0          0   libshutdown2.o
         8          4          0          0         96         68   libspace.o
       138          0          0          0          0         80   lludiv10.o
        40          6          0          0          0         84   noretval__2sprintf.o
         8          4          0          0          0         68   rt_locale_intlibspace.o
       138          0          0          0          0         68   rt_memcpy_v6.o
       100          0          0          0          0         80   rt_memcpy_w.o
         2          0          0          0          0          0   rtexit.o
        10          0          0          0          0          0   rtexit2.o
       128          0          0          0          0         68   strcmpv7m.o
        12          4          0          0          0         68   sys_exit.o
        74          0          0          0          0         80   sys_stackheap_outer.o
         2          0          0          0          0         68   use_no_semi.o
        98          4          0          0          0        140   d2f.o
       804         16          0          0          0        368   daddsub_clz.o
        24          0          0          0          0        116   dcmpi.o
       120          4          0          0          0        140   dleqf.o
       340         12          0          0          0        152   dmul.o
       156          4          0          0          0        140   dnaninf.o
        12          0          0          0          0        116   dretinf.o
       108          0          0          0          0        128   drleqf.o
        86          4          0          0          0        132   f2d.o
       140          4          0          0          0        132   fnaninf.o
        10          0          0          0          0        116   fpinit.o
        10          0          0          0          0        116   fretinf.o
         4          0          0          0          0        116   printf1.o
         0          0          0          0          0          0   usenofp.o
        48          0          0          0          0        124   fpclassify.o

    ----------------------------------------------------------------------
      6380        238        176          0        100       4460   Library Totals
        14          0          0          0          4          0   (incl. Padding)

    ----------------------------------------------------------------------

      Code (inc. data)   RO Data    RW Data    ZI Data      Debug   Library Name

      4406        190        176          0         96       2424   c_w.l
      1912         48          0          0          0       1912   fz_wm.l
        48          0          0          0          0        124   m_wm.l

    ----------------------------------------------------------------------
      6380        238        176          0        100       4460   Library Totals

    ----------------------------------------------------------------------

==============================================================================


      Code (inc. data)   RO Data    RW Data    ZI Data      Debug   

      8844        588       1232         40       1736     393202   Grand Totals
      8844        588       1232         40       1736     393202   ELF Image Totals
      8844        588       1232         40          0          0   ROM Totals

==============================================================================

    Total RO  Size (Code + RO Data)                10076 (   9.84kB)
    Total RW  Size (RW Data + ZI Data)              1776 (   1.73kB)
    Total ROM Size (Code + RO Data + RW Data)      10116 (   9.88kB)

==============================================================================

